Archive member included because of file (symbol)

c:/freescale/kds_v3/toolchain/bin/../lib/gcc/arm-none-eabi/4.8.4/armv6-m\libgcc.a(_udivsi3.o)
                              ./Sources/dsf_SerialDisplays.o (__aeabi_uidiv)
c:/freescale/kds_v3/toolchain/bin/../lib/gcc/arm-none-eabi/4.8.4/armv6-m\libgcc.a(_divsi3.o)
                              ./Sources/dsf_SerialDisplays.o (__aeabi_idiv)
c:/freescale/kds_v3/toolchain/bin/../lib/gcc/arm-none-eabi/4.8.4/armv6-m\libgcc.a(_dvmd_tls.o)
                              c:/freescale/kds_v3/toolchain/bin/../lib/gcc/arm-none-eabi/4.8.4/armv6-m\libgcc.a(_udivsi3.o) (__aeabi_idiv0)
c:/freescale/kds_v3/toolchain/bin/../lib/gcc/arm-none-eabi/4.8.4/armv6-m\libgcc.a(unwind-arm.o)
                              ./Sources/main.o (__aeabi_unwind_cpp_pr0)
c:/freescale/kds_v3/toolchain/bin/../lib/gcc/arm-none-eabi/4.8.4/armv6-m\libgcc.a(libunwind.o)
                              c:/freescale/kds_v3/toolchain/bin/../lib/gcc/arm-none-eabi/4.8.4/armv6-m\libgcc.a(unwind-arm.o) (restore_core_regs)
c:/freescale/kds_v3/toolchain/bin/../lib/gcc/arm-none-eabi/4.8.4/armv6-m\libgcc.a(pr-support.o)
                              c:/freescale/kds_v3/toolchain/bin/../lib/gcc/arm-none-eabi/4.8.4/armv6-m\libgcc.a(unwind-arm.o) (__gnu_unwind_execute)
c:/freescale/kds_v3/toolchain/bin/../lib/gcc/arm-none-eabi/4.8.4/../../../../arm-none-eabi/lib/armv6-m\libg_s.a(lib_a-abort.o)
                              c:/freescale/kds_v3/toolchain/bin/../lib/gcc/arm-none-eabi/4.8.4/armv6-m\libgcc.a(unwind-arm.o) (abort)
c:/freescale/kds_v3/toolchain/bin/../lib/gcc/arm-none-eabi/4.8.4/../../../../arm-none-eabi/lib/armv6-m\libg_s.a(lib_a-exit.o)
                              c:/freescale/kds_v3/toolchain/bin/../lib/gcc/arm-none-eabi/4.8.4/../../../../arm-none-eabi/lib/armv6-m/crt0.o (exit)
c:/freescale/kds_v3/toolchain/bin/../lib/gcc/arm-none-eabi/4.8.4/../../../../arm-none-eabi/lib/armv6-m\libg_s.a(lib_a-impure.o)
                              c:/freescale/kds_v3/toolchain/bin/../lib/gcc/arm-none-eabi/4.8.4/../../../../arm-none-eabi/lib/armv6-m\libg_s.a(lib_a-exit.o) (_global_impure_ptr)
c:/freescale/kds_v3/toolchain/bin/../lib/gcc/arm-none-eabi/4.8.4/../../../../arm-none-eabi/lib/armv6-m\libg_s.a(lib_a-init.o)
                              c:/freescale/kds_v3/toolchain/bin/../lib/gcc/arm-none-eabi/4.8.4/../../../../arm-none-eabi/lib/armv6-m/crt0.o (__libc_init_array)
c:/freescale/kds_v3/toolchain/bin/../lib/gcc/arm-none-eabi/4.8.4/../../../../arm-none-eabi/lib/armv6-m\libg_s.a(lib_a-memcpy-stub.o)
                              c:/freescale/kds_v3/toolchain/bin/../lib/gcc/arm-none-eabi/4.8.4/armv6-m\libgcc.a(unwind-arm.o) (memcpy)
c:/freescale/kds_v3/toolchain/bin/../lib/gcc/arm-none-eabi/4.8.4/../../../../arm-none-eabi/lib/armv6-m\libg_s.a(lib_a-memset.o)
                              c:/freescale/kds_v3/toolchain/bin/../lib/gcc/arm-none-eabi/4.8.4/../../../../arm-none-eabi/lib/armv6-m/crt0.o (memset)
c:/freescale/kds_v3/toolchain/bin/../lib/gcc/arm-none-eabi/4.8.4/../../../../arm-none-eabi/lib/armv6-m\libg_s.a(lib_a-signal.o)
                              c:/freescale/kds_v3/toolchain/bin/../lib/gcc/arm-none-eabi/4.8.4/../../../../arm-none-eabi/lib/armv6-m\libg_s.a(lib_a-abort.o) (raise)
c:/freescale/kds_v3/toolchain/bin/../lib/gcc/arm-none-eabi/4.8.4/../../../../arm-none-eabi/lib/armv6-m\libg_s.a(lib_a-signalr.o)
                              c:/freescale/kds_v3/toolchain/bin/../lib/gcc/arm-none-eabi/4.8.4/../../../../arm-none-eabi/lib/armv6-m\libg_s.a(lib_a-signal.o) (_kill_r)
c:/freescale/kds_v3/toolchain/bin/../lib/gcc/arm-none-eabi/4.8.4/../../../../arm-none-eabi/lib/armv6-m\libg_s.a(lib_a-nano-mallocr.o)
                              c:/freescale/kds_v3/toolchain/bin/../lib/gcc/arm-none-eabi/4.8.4/../../../../arm-none-eabi/lib/armv6-m\libg_s.a(lib_a-signal.o) (_malloc_r)
c:/freescale/kds_v3/toolchain/bin/../lib/gcc/arm-none-eabi/4.8.4/../../../../arm-none-eabi/lib/armv6-m\libg_s.a(lib_a-reent.o)
                              c:/freescale/kds_v3/toolchain/bin/../lib/gcc/arm-none-eabi/4.8.4/../../../../arm-none-eabi/lib/armv6-m\libg_s.a(lib_a-signalr.o) (errno)
c:/freescale/kds_v3/toolchain/bin/../lib/gcc/arm-none-eabi/4.8.4/../../../../arm-none-eabi/lib/armv6-m\libg_s.a(lib_a-sbrkr.o)
                              c:/freescale/kds_v3/toolchain/bin/../lib/gcc/arm-none-eabi/4.8.4/../../../../arm-none-eabi/lib/armv6-m\libg_s.a(lib_a-nano-mallocr.o) (_sbrk_r)
c:/freescale/kds_v3/toolchain/bin/../lib/gcc/arm-none-eabi/4.8.4/../../../../arm-none-eabi/lib/armv6-m\libg_s.a(lib_a-nano-freer.o)
                              c:/freescale/kds_v3/toolchain/bin/../lib/gcc/arm-none-eabi/4.8.4/../../../../arm-none-eabi/lib/armv6-m\libg_s.a(lib_a-reent.o) (_free_r)
c:/freescale/kds_v3/toolchain/bin/../lib/gcc/arm-none-eabi/4.8.4/../../../../arm-none-eabi/lib/armv6-m\libnosys.a(getpid.o)
                              c:/freescale/kds_v3/toolchain/bin/../lib/gcc/arm-none-eabi/4.8.4/../../../../arm-none-eabi/lib/armv6-m\libg_s.a(lib_a-signalr.o) (_getpid)
c:/freescale/kds_v3/toolchain/bin/../lib/gcc/arm-none-eabi/4.8.4/../../../../arm-none-eabi/lib/armv6-m\libnosys.a(kill.o)
                              c:/freescale/kds_v3/toolchain/bin/../lib/gcc/arm-none-eabi/4.8.4/../../../../arm-none-eabi/lib/armv6-m\libg_s.a(lib_a-signalr.o) (_kill)
c:/freescale/kds_v3/toolchain/bin/../lib/gcc/arm-none-eabi/4.8.4/../../../../arm-none-eabi/lib/armv6-m\libnosys.a(sbrk.o)
                              c:/freescale/kds_v3/toolchain/bin/../lib/gcc/arm-none-eabi/4.8.4/../../../../arm-none-eabi/lib/armv6-m\libg_s.a(lib_a-sbrkr.o) (_sbrk)
c:/freescale/kds_v3/toolchain/bin/../lib/gcc/arm-none-eabi/4.8.4/../../../../arm-none-eabi/lib/armv6-m\libnosys.a(_exit.o)
                              c:/freescale/kds_v3/toolchain/bin/../lib/gcc/arm-none-eabi/4.8.4/../../../../arm-none-eabi/lib/armv6-m\libg_s.a(lib_a-abort.o) (_exit)

Allocating common symbols
Common symbol       size              file

errno               0x4               c:/freescale/kds_v3/toolchain/bin/../lib/gcc/arm-none-eabi/4.8.4/../../../../arm-none-eabi/lib/armv6-m\libg_s.a(lib_a-reent.o)

Discarded input sections

 .text          0x00000000        0x0 c:/freescale/kds_v3/toolchain/bin/../lib/gcc/arm-none-eabi/4.8.4/armv6-m/crti.o
 .data          0x00000000        0x0 c:/freescale/kds_v3/toolchain/bin/../lib/gcc/arm-none-eabi/4.8.4/armv6-m/crti.o
 .bss           0x00000000        0x0 c:/freescale/kds_v3/toolchain/bin/../lib/gcc/arm-none-eabi/4.8.4/armv6-m/crti.o
 .data          0x00000000        0x4 c:/freescale/kds_v3/toolchain/bin/../lib/gcc/arm-none-eabi/4.8.4/armv6-m/crtbegin.o
 .data          0x00000000        0x0 c:/freescale/kds_v3/toolchain/bin/../lib/gcc/arm-none-eabi/4.8.4/../../../../arm-none-eabi/lib/armv6-m/crt0.o
 .bss           0x00000000        0x0 c:/freescale/kds_v3/toolchain/bin/../lib/gcc/arm-none-eabi/4.8.4/../../../../arm-none-eabi/lib/armv6-m/crt0.o
 .ARM.extab     0x00000000        0x0 c:/freescale/kds_v3/toolchain/bin/../lib/gcc/arm-none-eabi/4.8.4/../../../../arm-none-eabi/lib/armv6-m/crt0.o
 .group         0x00000000        0x8 ./Sources/dsf_SerialDisplays.o
 .group         0x00000000        0x8 ./Sources/dsf_SerialDisplays.o
 .group         0x00000000        0x8 ./Sources/dsf_SerialDisplays.o
 .group         0x00000000        0x8 ./Sources/dsf_SerialDisplays.o
 .group         0x00000000        0x8 ./Sources/dsf_SerialDisplays.o
 .group         0x00000000        0x8 ./Sources/dsf_SerialDisplays.o
 .group         0x00000000        0x8 ./Sources/dsf_SerialDisplays.o
 .group         0x00000000        0x8 ./Sources/dsf_SerialDisplays.o
 .group         0x00000000        0x8 ./Sources/dsf_SerialDisplays.o
 .group         0x00000000        0x8 ./Sources/dsf_SerialDisplays.o
 .group         0x00000000        0x8 ./Sources/dsf_SerialDisplays.o
 .text          0x00000000        0x0 ./Sources/dsf_SerialDisplays.o
 .data          0x00000000        0x0 ./Sources/dsf_SerialDisplays.o
 .bss           0x00000000        0x0 ./Sources/dsf_SerialDisplays.o
 .text._ZN18dsf_SerialDisplays11writeNibbleEhh
                0x00000000       0x28 ./Sources/dsf_SerialDisplays.o
 .ARM.extab.text._ZN18dsf_SerialDisplays11writeNibbleEhh
                0x00000000        0x0 ./Sources/dsf_SerialDisplays.o
 .ARM.exidx.text._ZN18dsf_SerialDisplays11writeNibbleEhh
                0x00000000        0x8 ./Sources/dsf_SerialDisplays.o
 .ARM.extab.text._ZN18dsf_SerialDisplays9writeWordEt
                0x00000000        0x0 ./Sources/dsf_SerialDisplays.o
 .ARM.extab.text._ZN18dsf_SerialDisplays13clearDisplaysEv
                0x00000000        0x0 ./Sources/dsf_SerialDisplays.o
 .text._ZN18dsf_SerialDisplays13showZerosLeftEv
                0x00000000       0x38 ./Sources/dsf_SerialDisplays.o
 .ARM.extab.text._ZN18dsf_SerialDisplays13showZerosLeftEv
                0x00000000        0x0 ./Sources/dsf_SerialDisplays.o
 .ARM.exidx.text._ZN18dsf_SerialDisplays13showZerosLeftEv
                0x00000000        0x8 ./Sources/dsf_SerialDisplays.o
 .text._ZN18dsf_SerialDisplays13hideZerosLeftEv
                0x00000000       0x38 ./Sources/dsf_SerialDisplays.o
 .ARM.extab.text._ZN18dsf_SerialDisplays13hideZerosLeftEv
                0x00000000        0x0 ./Sources/dsf_SerialDisplays.o
 .ARM.exidx.text._ZN18dsf_SerialDisplays13hideZerosLeftEv
                0x00000000        0x8 ./Sources/dsf_SerialDisplays.o
 .ARM.extab.text._ZN18dsf_SerialDisplays9setNibbleEv
                0x00000000        0x0 ./Sources/dsf_SerialDisplays.o
 .group         0x00000000        0x8 ./Sources/main.o
 .group         0x00000000        0x8 ./Sources/main.o
 .group         0x00000000        0x8 ./Sources/main.o
 .group         0x00000000        0x8 ./Sources/main.o
 .group         0x00000000        0x8 ./Sources/main.o
 .group         0x00000000        0x8 ./Sources/main.o
 .group         0x00000000        0x8 ./Sources/main.o
 .group         0x00000000        0x8 ./Sources/main.o
 .group         0x00000000        0x8 ./Sources/main.o
 .group         0x00000000        0x8 ./Sources/main.o
 .group         0x00000000        0x8 ./Sources/main.o
 .group         0x00000000        0x8 ./Sources/main.o
 .text          0x00000000        0x0 ./Sources/main.o
 .data          0x00000000        0x0 ./Sources/main.o
 .bss           0x00000000        0x0 ./Sources/main.o
 .ARM.extab.text._Z8setupPITv
                0x00000000        0x0 ./Sources/main.o
 .ARM.extab.text.PIT_IRQHandler
                0x00000000        0x0 ./Sources/main.o
 .ARM.extab.text.main
                0x00000000        0x0 ./Sources/main.o
 .ARM.extab.text._Z41__static_initialization_and_destruction_0ii
                0x00000000        0x0 ./Sources/main.o
 .ARM.extab.text._GLOBAL__sub_I_pit
                0x00000000        0x0 ./Sources/main.o
 .debug_macro   0x00000000      0x826 ./Sources/main.o
 .debug_macro   0x00000000       0x1c ./Sources/main.o
 .debug_macro   0x00000000       0x16 ./Sources/main.o
 .debug_macro   0x00000000       0x44 ./Sources/main.o
 .debug_macro   0x00000000      0x209 ./Sources/main.o
 .debug_macro   0x00000000       0x4c ./Sources/main.o
 .debug_macro   0x00000000       0x3a ./Sources/main.o
 .debug_macro   0x00000000       0x26 ./Sources/main.o
 .debug_macro   0x00000000      0x306 ./Sources/main.o
 .debug_macro   0x00000000       0x63 ./Sources/main.o
 .debug_macro   0x00000000     0x839f ./Sources/main.o
 .group         0x00000000        0x8 ./Sources/mkl_GPIO.o
 .group         0x00000000        0x8 ./Sources/mkl_GPIO.o
 .group         0x00000000        0x8 ./Sources/mkl_GPIO.o
 .group         0x00000000        0x8 ./Sources/mkl_GPIO.o
 .group         0x00000000        0x8 ./Sources/mkl_GPIO.o
 .group         0x00000000        0x8 ./Sources/mkl_GPIO.o
 .group         0x00000000        0x8 ./Sources/mkl_GPIO.o
 .group         0x00000000        0x8 ./Sources/mkl_GPIO.o
 .group         0x00000000        0x8 ./Sources/mkl_GPIO.o
 .group         0x00000000        0x8 ./Sources/mkl_GPIO.o
 .group         0x00000000        0x8 ./Sources/mkl_GPIO.o
 .text          0x00000000        0x0 ./Sources/mkl_GPIO.o
 .data          0x00000000        0x0 ./Sources/mkl_GPIO.o
 .bss           0x00000000        0x0 ./Sources/mkl_GPIO.o
 .ARM.extab.text._ZN8mkl_GPIO11setPortModeE13gpio_PortMode
                0x00000000        0x0 ./Sources/mkl_GPIO.o
 .text._ZN8mkl_GPIO15setPullResistorE17gpio_PullResistor
                0x00000000       0x38 ./Sources/mkl_GPIO.o
 .ARM.extab.text._ZN8mkl_GPIO15setPullResistorE17gpio_PullResistor
                0x00000000        0x0 ./Sources/mkl_GPIO.o
 .ARM.exidx.text._ZN8mkl_GPIO15setPullResistorE17gpio_PullResistor
                0x00000000        0x8 ./Sources/mkl_GPIO.o
 .ARM.extab.text._ZN8mkl_GPIO8writeBitEi
                0x00000000        0x0 ./Sources/mkl_GPIO.o
 .text._ZN8mkl_GPIO7readBitEv
                0x00000000       0x2c ./Sources/mkl_GPIO.o
 .ARM.extab.text._ZN8mkl_GPIO7readBitEv
                0x00000000        0x0 ./Sources/mkl_GPIO.o
 .ARM.exidx.text._ZN8mkl_GPIO7readBitEv
                0x00000000        0x8 ./Sources/mkl_GPIO.o
 .text._ZN8mkl_GPIO9toogleBitEv
                0x00000000       0x20 ./Sources/mkl_GPIO.o
 .ARM.extab.text._ZN8mkl_GPIO9toogleBitEv
                0x00000000        0x0 ./Sources/mkl_GPIO.o
 .ARM.exidx.text._ZN8mkl_GPIO9toogleBitEv
                0x00000000        0x8 ./Sources/mkl_GPIO.o
 .ARM.extab.text._ZN8mkl_GPIO14bindPeripheralEhh
                0x00000000        0x0 ./Sources/mkl_GPIO.o
 .ARM.extab.text._ZN8mkl_GPIO17enableModuleClockEh
                0x00000000        0x0 ./Sources/mkl_GPIO.o
 .ARM.extab.text._ZN8mkl_GPIO20selectMuxAlternativeEv
                0x00000000        0x0 ./Sources/mkl_GPIO.o
 .ARM.extab.text._ZN8mkl_GPIO17setGPIOParametersE8gpio_PinRmS1_
                0x00000000        0x0 ./Sources/mkl_GPIO.o
 .debug_macro   0x00000000      0x826 ./Sources/mkl_GPIO.o
 .debug_macro   0x00000000       0x1c ./Sources/mkl_GPIO.o
 .debug_macro   0x00000000       0x16 ./Sources/mkl_GPIO.o
 .debug_macro   0x00000000       0x44 ./Sources/mkl_GPIO.o
 .debug_macro   0x00000000      0x209 ./Sources/mkl_GPIO.o
 .debug_macro   0x00000000       0x4c ./Sources/mkl_GPIO.o
 .debug_macro   0x00000000       0x3a ./Sources/mkl_GPIO.o
 .debug_macro   0x00000000       0x26 ./Sources/mkl_GPIO.o
 .debug_macro   0x00000000      0x306 ./Sources/mkl_GPIO.o
 .debug_macro   0x00000000       0x63 ./Sources/mkl_GPIO.o
 .debug_macro   0x00000000     0x839f ./Sources/mkl_GPIO.o
 .group         0x00000000       0x10 ./Sources/mkl_GPIOPort.o
 .group         0x00000000        0x8 ./Sources/mkl_GPIOPort.o
 .group         0x00000000        0x8 ./Sources/mkl_GPIOPort.o
 .group         0x00000000        0x8 ./Sources/mkl_GPIOPort.o
 .group         0x00000000        0x8 ./Sources/mkl_GPIOPort.o
 .group         0x00000000        0x8 ./Sources/mkl_GPIOPort.o
 .group         0x00000000        0x8 ./Sources/mkl_GPIOPort.o
 .group         0x00000000        0x8 ./Sources/mkl_GPIOPort.o
 .group         0x00000000        0x8 ./Sources/mkl_GPIOPort.o
 .group         0x00000000        0x8 ./Sources/mkl_GPIOPort.o
 .group         0x00000000        0x8 ./Sources/mkl_GPIOPort.o
 .group         0x00000000        0x8 ./Sources/mkl_GPIOPort.o
 .text          0x00000000        0x0 ./Sources/mkl_GPIOPort.o
 .data          0x00000000        0x0 ./Sources/mkl_GPIOPort.o
 .bss           0x00000000        0x0 ./Sources/mkl_GPIOPort.o
 .debug_macro   0x00000000      0x826 ./Sources/mkl_GPIOPort.o
 .debug_macro   0x00000000       0x1c ./Sources/mkl_GPIOPort.o
 .debug_macro   0x00000000       0x16 ./Sources/mkl_GPIOPort.o
 .debug_macro   0x00000000       0x44 ./Sources/mkl_GPIOPort.o
 .debug_macro   0x00000000      0x209 ./Sources/mkl_GPIOPort.o
 .debug_macro   0x00000000       0x4c ./Sources/mkl_GPIOPort.o
 .debug_macro   0x00000000       0x3a ./Sources/mkl_GPIOPort.o
 .debug_macro   0x00000000       0x26 ./Sources/mkl_GPIOPort.o
 .debug_macro   0x00000000      0x306 ./Sources/mkl_GPIOPort.o
 .debug_macro   0x00000000       0x63 ./Sources/mkl_GPIOPort.o
 .debug_macro   0x00000000     0x839f ./Sources/mkl_GPIOPort.o
 .group         0x00000000        0x8 ./Sources/mkl_PIT.o
 .group         0x00000000        0x8 ./Sources/mkl_PIT.o
 .group         0x00000000        0x8 ./Sources/mkl_PIT.o
 .group         0x00000000        0x8 ./Sources/mkl_PIT.o
 .group         0x00000000        0x8 ./Sources/mkl_PIT.o
 .group         0x00000000        0x8 ./Sources/mkl_PIT.o
 .group         0x00000000        0x8 ./Sources/mkl_PIT.o
 .group         0x00000000        0x8 ./Sources/mkl_PIT.o
 .group         0x00000000        0x8 ./Sources/mkl_PIT.o
 .group         0x00000000        0x8 ./Sources/mkl_PIT.o
 .group         0x00000000        0x8 ./Sources/mkl_PIT.o
 .text          0x00000000        0x0 ./Sources/mkl_PIT.o
 .data          0x00000000        0x0 ./Sources/mkl_PIT.o
 .bss           0x00000000        0x0 ./Sources/mkl_PIT.o
 .ARM.extab.text._ZN7mkl_PIT11bindChannelE9PIT_ChPIT
                0x00000000        0x0 ./Sources/mkl_PIT.o
 .ARM.extab.text._ZN7mkl_PIT21enablePeripheralClockEv
                0x00000000        0x0 ./Sources/mkl_PIT.o
 .ARM.extab.text._ZN7mkl_PIT22enablePeripheralModuleEv
                0x00000000        0x0 ./Sources/mkl_PIT.o
 .text._ZN7mkl_PIT23disablePeripheralModuleEv
                0x00000000       0x20 ./Sources/mkl_PIT.o
 .ARM.extab.text._ZN7mkl_PIT23disablePeripheralModuleEv
                0x00000000        0x0 ./Sources/mkl_PIT.o
 .ARM.exidx.text._ZN7mkl_PIT23disablePeripheralModuleEv
                0x00000000        0x8 ./Sources/mkl_PIT.o
 .ARM.extab.text._ZN7mkl_PIT9setPeriodEm
                0x00000000        0x0 ./Sources/mkl_PIT.o
 .text._ZN7mkl_PIT11readCounterEv
                0x00000000       0x18 ./Sources/mkl_PIT.o
 .ARM.extab.text._ZN7mkl_PIT11readCounterEv
                0x00000000        0x0 ./Sources/mkl_PIT.o
 .ARM.exidx.text._ZN7mkl_PIT11readCounterEv
                0x00000000        0x8 ./Sources/mkl_PIT.o
 .ARM.extab.text._ZN7mkl_PIT11enableTimerEv
                0x00000000        0x0 ./Sources/mkl_PIT.o
 .ARM.extab.text._ZN7mkl_PIT12disableTimerEv
                0x00000000        0x0 ./Sources/mkl_PIT.o
 .ARM.extab.text._ZN7mkl_PIT12resetCounterEv
                0x00000000        0x0 ./Sources/mkl_PIT.o
 .text._ZN7mkl_PIT17waitInterruptFlagEv
                0x00000000       0x24 ./Sources/mkl_PIT.o
 .ARM.extab.text._ZN7mkl_PIT17waitInterruptFlagEv
                0x00000000        0x0 ./Sources/mkl_PIT.o
 .ARM.exidx.text._ZN7mkl_PIT17waitInterruptFlagEv
                0x00000000        0x8 ./Sources/mkl_PIT.o
 .text._ZN7mkl_PIT18clearInterruptFlagEv
                0x00000000       0x20 ./Sources/mkl_PIT.o
 .ARM.extab.text._ZN7mkl_PIT18clearInterruptFlagEv
                0x00000000        0x0 ./Sources/mkl_PIT.o
 .ARM.exidx.text._ZN7mkl_PIT18clearInterruptFlagEv
                0x00000000        0x8 ./Sources/mkl_PIT.o
 .text._ZN7mkl_PIT18isInterruptFlagSetEv
                0x00000000       0x2c ./Sources/mkl_PIT.o
 .ARM.extab.text._ZN7mkl_PIT18isInterruptFlagSetEv
                0x00000000        0x0 ./Sources/mkl_PIT.o
 .ARM.exidx.text._ZN7mkl_PIT18isInterruptFlagSetEv
                0x00000000        0x8 ./Sources/mkl_PIT.o
 .debug_macro   0x00000000      0x826 ./Sources/mkl_PIT.o
 .debug_macro   0x00000000       0x1c ./Sources/mkl_PIT.o
 .debug_macro   0x00000000       0x16 ./Sources/mkl_PIT.o
 .debug_macro   0x00000000       0x44 ./Sources/mkl_PIT.o
 .debug_macro   0x00000000      0x209 ./Sources/mkl_PIT.o
 .debug_macro   0x00000000       0x4c ./Sources/mkl_PIT.o
 .debug_macro   0x00000000       0x3a ./Sources/mkl_PIT.o
 .debug_macro   0x00000000       0x26 ./Sources/mkl_PIT.o
 .debug_macro   0x00000000      0x306 ./Sources/mkl_PIT.o
 .debug_macro   0x00000000       0x63 ./Sources/mkl_PIT.o
 .debug_macro   0x00000000     0x839f ./Sources/mkl_PIT.o
 .group         0x00000000       0x10 ./Sources/mkl_PITPeriodicInterrupt.o
 .group         0x00000000        0x8 ./Sources/mkl_PITPeriodicInterrupt.o
 .group         0x00000000        0x8 ./Sources/mkl_PITPeriodicInterrupt.o
 .group         0x00000000        0x8 ./Sources/mkl_PITPeriodicInterrupt.o
 .group         0x00000000        0x8 ./Sources/mkl_PITPeriodicInterrupt.o
 .group         0x00000000        0x8 ./Sources/mkl_PITPeriodicInterrupt.o
 .group         0x00000000        0x8 ./Sources/mkl_PITPeriodicInterrupt.o
 .group         0x00000000        0x8 ./Sources/mkl_PITPeriodicInterrupt.o
 .group         0x00000000        0x8 ./Sources/mkl_PITPeriodicInterrupt.o
 .group         0x00000000        0x8 ./Sources/mkl_PITPeriodicInterrupt.o
 .group         0x00000000        0x8 ./Sources/mkl_PITPeriodicInterrupt.o
 .group         0x00000000        0x8 ./Sources/mkl_PITPeriodicInterrupt.o
 .group         0x00000000        0x8 ./Sources/mkl_PITPeriodicInterrupt.o
 .text          0x00000000        0x0 ./Sources/mkl_PITPeriodicInterrupt.o
 .data          0x00000000        0x0 ./Sources/mkl_PITPeriodicInterrupt.o
 .bss           0x00000000        0x0 ./Sources/mkl_PITPeriodicInterrupt.o
 .ARM.extab.text.NVIC_EnableIRQ
                0x00000000        0x0 ./Sources/mkl_PITPeriodicInterrupt.o
 .text.NVIC_DisableIRQ
                0x00000000       0x2c ./Sources/mkl_PITPeriodicInterrupt.o
 .ARM.extab.text.NVIC_DisableIRQ
                0x00000000        0x0 ./Sources/mkl_PITPeriodicInterrupt.o
 .ARM.exidx.text.NVIC_DisableIRQ
                0x00000000        0x8 ./Sources/mkl_PITPeriodicInterrupt.o
 .ARM.extab.text._ZN25mkl_PITInterruptInterrupt23enableInterruptRequestsEv
                0x00000000        0x0 ./Sources/mkl_PITPeriodicInterrupt.o
 .text._ZN25mkl_PITInterruptInterrupt24disableInterruptRequestsEv
                0x00000000       0x24 ./Sources/mkl_PITPeriodicInterrupt.o
 .ARM.extab.text._ZN25mkl_PITInterruptInterrupt24disableInterruptRequestsEv
                0x00000000        0x0 ./Sources/mkl_PITPeriodicInterrupt.o
 .ARM.exidx.text._ZN25mkl_PITInterruptInterrupt24disableInterruptRequestsEv
                0x00000000        0x8 ./Sources/mkl_PITPeriodicInterrupt.o
 .debug_macro   0x00000000      0x826 ./Sources/mkl_PITPeriodicInterrupt.o
 .debug_macro   0x00000000       0x1c ./Sources/mkl_PITPeriodicInterrupt.o
 .debug_macro   0x00000000       0x16 ./Sources/mkl_PITPeriodicInterrupt.o
 .debug_macro   0x00000000       0x44 ./Sources/mkl_PITPeriodicInterrupt.o
 .debug_macro   0x00000000      0x209 ./Sources/mkl_PITPeriodicInterrupt.o
 .debug_macro   0x00000000       0x4c ./Sources/mkl_PITPeriodicInterrupt.o
 .debug_macro   0x00000000       0x3a ./Sources/mkl_PITPeriodicInterrupt.o
 .debug_macro   0x00000000       0x26 ./Sources/mkl_PITPeriodicInterrupt.o
 .debug_macro   0x00000000      0x306 ./Sources/mkl_PITPeriodicInterrupt.o
 .debug_macro   0x00000000       0x63 ./Sources/mkl_PITPeriodicInterrupt.o
 .debug_macro   0x00000000     0x839f ./Sources/mkl_PITPeriodicInterrupt.o
 .debug_macro   0x00000000       0x10 ./Sources/mkl_PITPeriodicInterrupt.o
 .data          0x00000000        0x0 ./Project_Settings/Startup_Code/startup_MKL25Z4.o
 .bss           0x00000000        0x0 ./Project_Settings/Startup_Code/startup_MKL25Z4.o
 .group         0x00000000        0x8 ./Project_Settings/Startup_Code/system_MKL25Z4.o
 .group         0x00000000        0x8 ./Project_Settings/Startup_Code/system_MKL25Z4.o
 .group         0x00000000        0x8 ./Project_Settings/Startup_Code/system_MKL25Z4.o
 .group         0x00000000        0x8 ./Project_Settings/Startup_Code/system_MKL25Z4.o
 .group         0x00000000        0x8 ./Project_Settings/Startup_Code/system_MKL25Z4.o
 .group         0x00000000        0x8 ./Project_Settings/Startup_Code/system_MKL25Z4.o
 .group         0x00000000        0x8 ./Project_Settings/Startup_Code/system_MKL25Z4.o
 .group         0x00000000        0x8 ./Project_Settings/Startup_Code/system_MKL25Z4.o
 .group         0x00000000        0x8 ./Project_Settings/Startup_Code/system_MKL25Z4.o
 .group         0x00000000        0x8 ./Project_Settings/Startup_Code/system_MKL25Z4.o
 .text          0x00000000        0x0 ./Project_Settings/Startup_Code/system_MKL25Z4.o
 .data          0x00000000        0x0 ./Project_Settings/Startup_Code/system_MKL25Z4.o
 .bss           0x00000000        0x0 ./Project_Settings/Startup_Code/system_MKL25Z4.o
 .data.SystemCoreClock
                0x00000000        0x4 ./Project_Settings/Startup_Code/system_MKL25Z4.o
 .text.SystemCoreClockUpdate
                0x00000000      0x23c ./Project_Settings/Startup_Code/system_MKL25Z4.o
 .debug_macro   0x00000000       0x16 ./Project_Settings/Startup_Code/system_MKL25Z4.o
 .debug_macro   0x00000000       0x44 ./Project_Settings/Startup_Code/system_MKL25Z4.o
 .debug_macro   0x00000000      0x209 ./Project_Settings/Startup_Code/system_MKL25Z4.o
 .debug_macro   0x00000000       0x4c ./Project_Settings/Startup_Code/system_MKL25Z4.o
 .debug_macro   0x00000000       0x3a ./Project_Settings/Startup_Code/system_MKL25Z4.o
 .debug_macro   0x00000000       0x26 ./Project_Settings/Startup_Code/system_MKL25Z4.o
 .debug_macro   0x00000000       0x63 ./Project_Settings/Startup_Code/system_MKL25Z4.o
 .debug_macro   0x00000000     0x839f ./Project_Settings/Startup_Code/system_MKL25Z4.o
 .data          0x00000000        0x0 c:/freescale/kds_v3/toolchain/bin/../lib/gcc/arm-none-eabi/4.8.4/armv6-m\libgcc.a(_udivsi3.o)
 .bss           0x00000000        0x0 c:/freescale/kds_v3/toolchain/bin/../lib/gcc/arm-none-eabi/4.8.4/armv6-m\libgcc.a(_udivsi3.o)
 .data          0x00000000        0x0 c:/freescale/kds_v3/toolchain/bin/../lib/gcc/arm-none-eabi/4.8.4/armv6-m\libgcc.a(_divsi3.o)
 .bss           0x00000000        0x0 c:/freescale/kds_v3/toolchain/bin/../lib/gcc/arm-none-eabi/4.8.4/armv6-m\libgcc.a(_divsi3.o)
 .data          0x00000000        0x0 c:/freescale/kds_v3/toolchain/bin/../lib/gcc/arm-none-eabi/4.8.4/armv6-m\libgcc.a(_dvmd_tls.o)
 .bss           0x00000000        0x0 c:/freescale/kds_v3/toolchain/bin/../lib/gcc/arm-none-eabi/4.8.4/armv6-m\libgcc.a(_dvmd_tls.o)
 .data          0x00000000        0x0 c:/freescale/kds_v3/toolchain/bin/../lib/gcc/arm-none-eabi/4.8.4/armv6-m\libgcc.a(unwind-arm.o)
 .bss           0x00000000        0x0 c:/freescale/kds_v3/toolchain/bin/../lib/gcc/arm-none-eabi/4.8.4/armv6-m\libgcc.a(unwind-arm.o)
 .ARM.attributes
                0x00000000       0x2c c:/freescale/kds_v3/toolchain/bin/../lib/gcc/arm-none-eabi/4.8.4/armv6-m\libgcc.a(unwind-arm.o)
 .debug_frame   0x00000000      0x2c4 c:/freescale/kds_v3/toolchain/bin/../lib/gcc/arm-none-eabi/4.8.4/armv6-m\libgcc.a(unwind-arm.o)
 .data          0x00000000        0x0 c:/freescale/kds_v3/toolchain/bin/../lib/gcc/arm-none-eabi/4.8.4/armv6-m\libgcc.a(libunwind.o)
 .bss           0x00000000        0x0 c:/freescale/kds_v3/toolchain/bin/../lib/gcc/arm-none-eabi/4.8.4/armv6-m\libgcc.a(libunwind.o)
 .ARM.attributes
                0x00000000       0x1e c:/freescale/kds_v3/toolchain/bin/../lib/gcc/arm-none-eabi/4.8.4/armv6-m\libgcc.a(libunwind.o)
 .data          0x00000000        0x0 c:/freescale/kds_v3/toolchain/bin/../lib/gcc/arm-none-eabi/4.8.4/armv6-m\libgcc.a(pr-support.o)
 .bss           0x00000000        0x0 c:/freescale/kds_v3/toolchain/bin/../lib/gcc/arm-none-eabi/4.8.4/armv6-m\libgcc.a(pr-support.o)
 .ARM.attributes
                0x00000000       0x2c c:/freescale/kds_v3/toolchain/bin/../lib/gcc/arm-none-eabi/4.8.4/armv6-m\libgcc.a(pr-support.o)
 .debug_frame   0x00000000       0xf8 c:/freescale/kds_v3/toolchain/bin/../lib/gcc/arm-none-eabi/4.8.4/armv6-m\libgcc.a(pr-support.o)
 .text          0x00000000        0x0 c:/freescale/kds_v3/toolchain/bin/../lib/gcc/arm-none-eabi/4.8.4/../../../../arm-none-eabi/lib/armv6-m\libg_s.a(lib_a-abort.o)
 .data          0x00000000        0x0 c:/freescale/kds_v3/toolchain/bin/../lib/gcc/arm-none-eabi/4.8.4/../../../../arm-none-eabi/lib/armv6-m\libg_s.a(lib_a-abort.o)
 .bss           0x00000000        0x0 c:/freescale/kds_v3/toolchain/bin/../lib/gcc/arm-none-eabi/4.8.4/../../../../arm-none-eabi/lib/armv6-m\libg_s.a(lib_a-abort.o)
 .ARM.attributes
                0x00000000       0x2c c:/freescale/kds_v3/toolchain/bin/../lib/gcc/arm-none-eabi/4.8.4/../../../../arm-none-eabi/lib/armv6-m\libg_s.a(lib_a-abort.o)
 .debug_frame   0x00000000       0x28 c:/freescale/kds_v3/toolchain/bin/../lib/gcc/arm-none-eabi/4.8.4/../../../../arm-none-eabi/lib/armv6-m\libg_s.a(lib_a-abort.o)
 .text          0x00000000        0x0 c:/freescale/kds_v3/toolchain/bin/../lib/gcc/arm-none-eabi/4.8.4/../../../../arm-none-eabi/lib/armv6-m\libg_s.a(lib_a-exit.o)
 .data          0x00000000        0x0 c:/freescale/kds_v3/toolchain/bin/../lib/gcc/arm-none-eabi/4.8.4/../../../../arm-none-eabi/lib/armv6-m\libg_s.a(lib_a-exit.o)
 .bss           0x00000000        0x0 c:/freescale/kds_v3/toolchain/bin/../lib/gcc/arm-none-eabi/4.8.4/../../../../arm-none-eabi/lib/armv6-m\libg_s.a(lib_a-exit.o)
 .text          0x00000000        0x0 c:/freescale/kds_v3/toolchain/bin/../lib/gcc/arm-none-eabi/4.8.4/../../../../arm-none-eabi/lib/armv6-m\libg_s.a(lib_a-impure.o)
 .data          0x00000000        0x0 c:/freescale/kds_v3/toolchain/bin/../lib/gcc/arm-none-eabi/4.8.4/../../../../arm-none-eabi/lib/armv6-m\libg_s.a(lib_a-impure.o)
 .bss           0x00000000        0x0 c:/freescale/kds_v3/toolchain/bin/../lib/gcc/arm-none-eabi/4.8.4/../../../../arm-none-eabi/lib/armv6-m\libg_s.a(lib_a-impure.o)
 .text          0x00000000        0x0 c:/freescale/kds_v3/toolchain/bin/../lib/gcc/arm-none-eabi/4.8.4/../../../../arm-none-eabi/lib/armv6-m\libg_s.a(lib_a-init.o)
 .data          0x00000000        0x0 c:/freescale/kds_v3/toolchain/bin/../lib/gcc/arm-none-eabi/4.8.4/../../../../arm-none-eabi/lib/armv6-m\libg_s.a(lib_a-init.o)
 .bss           0x00000000        0x0 c:/freescale/kds_v3/toolchain/bin/../lib/gcc/arm-none-eabi/4.8.4/../../../../arm-none-eabi/lib/armv6-m\libg_s.a(lib_a-init.o)
 .text          0x00000000        0x0 c:/freescale/kds_v3/toolchain/bin/../lib/gcc/arm-none-eabi/4.8.4/../../../../arm-none-eabi/lib/armv6-m\libg_s.a(lib_a-memcpy-stub.o)
 .data          0x00000000        0x0 c:/freescale/kds_v3/toolchain/bin/../lib/gcc/arm-none-eabi/4.8.4/../../../../arm-none-eabi/lib/armv6-m\libg_s.a(lib_a-memcpy-stub.o)
 .bss           0x00000000        0x0 c:/freescale/kds_v3/toolchain/bin/../lib/gcc/arm-none-eabi/4.8.4/../../../../arm-none-eabi/lib/armv6-m\libg_s.a(lib_a-memcpy-stub.o)
 .ARM.attributes
                0x00000000       0x2c c:/freescale/kds_v3/toolchain/bin/../lib/gcc/arm-none-eabi/4.8.4/../../../../arm-none-eabi/lib/armv6-m\libg_s.a(lib_a-memcpy-stub.o)
 .debug_frame   0x00000000       0x28 c:/freescale/kds_v3/toolchain/bin/../lib/gcc/arm-none-eabi/4.8.4/../../../../arm-none-eabi/lib/armv6-m\libg_s.a(lib_a-memcpy-stub.o)
 .text          0x00000000        0x0 c:/freescale/kds_v3/toolchain/bin/../lib/gcc/arm-none-eabi/4.8.4/../../../../arm-none-eabi/lib/armv6-m\libg_s.a(lib_a-memset.o)
 .data          0x00000000        0x0 c:/freescale/kds_v3/toolchain/bin/../lib/gcc/arm-none-eabi/4.8.4/../../../../arm-none-eabi/lib/armv6-m\libg_s.a(lib_a-memset.o)
 .bss           0x00000000        0x0 c:/freescale/kds_v3/toolchain/bin/../lib/gcc/arm-none-eabi/4.8.4/../../../../arm-none-eabi/lib/armv6-m\libg_s.a(lib_a-memset.o)
 .text          0x00000000        0x0 c:/freescale/kds_v3/toolchain/bin/../lib/gcc/arm-none-eabi/4.8.4/../../../../arm-none-eabi/lib/armv6-m\libg_s.a(lib_a-signal.o)
 .data          0x00000000        0x0 c:/freescale/kds_v3/toolchain/bin/../lib/gcc/arm-none-eabi/4.8.4/../../../../arm-none-eabi/lib/armv6-m\libg_s.a(lib_a-signal.o)
 .bss           0x00000000        0x0 c:/freescale/kds_v3/toolchain/bin/../lib/gcc/arm-none-eabi/4.8.4/../../../../arm-none-eabi/lib/armv6-m\libg_s.a(lib_a-signal.o)
 .text._init_signal_r
                0x00000000       0x30 c:/freescale/kds_v3/toolchain/bin/../lib/gcc/arm-none-eabi/4.8.4/../../../../arm-none-eabi/lib/armv6-m\libg_s.a(lib_a-signal.o)
 .text._signal_r
                0x00000000       0x32 c:/freescale/kds_v3/toolchain/bin/../lib/gcc/arm-none-eabi/4.8.4/../../../../arm-none-eabi/lib/armv6-m\libg_s.a(lib_a-signal.o)
 .text.__sigtramp_r
                0x00000000       0x4c c:/freescale/kds_v3/toolchain/bin/../lib/gcc/arm-none-eabi/4.8.4/../../../../arm-none-eabi/lib/armv6-m\libg_s.a(lib_a-signal.o)
 .text.signal   0x00000000       0x18 c:/freescale/kds_v3/toolchain/bin/../lib/gcc/arm-none-eabi/4.8.4/../../../../arm-none-eabi/lib/armv6-m\libg_s.a(lib_a-signal.o)
 .text._init_signal
                0x00000000       0x10 c:/freescale/kds_v3/toolchain/bin/../lib/gcc/arm-none-eabi/4.8.4/../../../../arm-none-eabi/lib/armv6-m\libg_s.a(lib_a-signal.o)
 .text.__sigtramp
                0x00000000       0x14 c:/freescale/kds_v3/toolchain/bin/../lib/gcc/arm-none-eabi/4.8.4/../../../../arm-none-eabi/lib/armv6-m\libg_s.a(lib_a-signal.o)
 .ARM.attributes
                0x00000000       0x2c c:/freescale/kds_v3/toolchain/bin/../lib/gcc/arm-none-eabi/4.8.4/../../../../arm-none-eabi/lib/armv6-m\libg_s.a(lib_a-signal.o)
 .debug_frame   0x00000000       0xe0 c:/freescale/kds_v3/toolchain/bin/../lib/gcc/arm-none-eabi/4.8.4/../../../../arm-none-eabi/lib/armv6-m\libg_s.a(lib_a-signal.o)
 .text          0x00000000        0x0 c:/freescale/kds_v3/toolchain/bin/../lib/gcc/arm-none-eabi/4.8.4/../../../../arm-none-eabi/lib/armv6-m\libg_s.a(lib_a-signalr.o)
 .data          0x00000000        0x0 c:/freescale/kds_v3/toolchain/bin/../lib/gcc/arm-none-eabi/4.8.4/../../../../arm-none-eabi/lib/armv6-m\libg_s.a(lib_a-signalr.o)
 .bss           0x00000000        0x0 c:/freescale/kds_v3/toolchain/bin/../lib/gcc/arm-none-eabi/4.8.4/../../../../arm-none-eabi/lib/armv6-m\libg_s.a(lib_a-signalr.o)
 .ARM.attributes
                0x00000000       0x2c c:/freescale/kds_v3/toolchain/bin/../lib/gcc/arm-none-eabi/4.8.4/../../../../arm-none-eabi/lib/armv6-m\libg_s.a(lib_a-signalr.o)
 .debug_frame   0x00000000       0x44 c:/freescale/kds_v3/toolchain/bin/../lib/gcc/arm-none-eabi/4.8.4/../../../../arm-none-eabi/lib/armv6-m\libg_s.a(lib_a-signalr.o)
 .text          0x00000000        0x0 c:/freescale/kds_v3/toolchain/bin/../lib/gcc/arm-none-eabi/4.8.4/../../../../arm-none-eabi/lib/armv6-m\libg_s.a(lib_a-nano-mallocr.o)
 .data          0x00000000        0x0 c:/freescale/kds_v3/toolchain/bin/../lib/gcc/arm-none-eabi/4.8.4/../../../../arm-none-eabi/lib/armv6-m\libg_s.a(lib_a-nano-mallocr.o)
 .bss           0x00000000        0x0 c:/freescale/kds_v3/toolchain/bin/../lib/gcc/arm-none-eabi/4.8.4/../../../../arm-none-eabi/lib/armv6-m\libg_s.a(lib_a-nano-mallocr.o)
 .text._malloc_r
                0x00000000       0xa8 c:/freescale/kds_v3/toolchain/bin/../lib/gcc/arm-none-eabi/4.8.4/../../../../arm-none-eabi/lib/armv6-m\libg_s.a(lib_a-nano-mallocr.o)
 .bss.__malloc_sbrk_start
                0x00000000        0x4 c:/freescale/kds_v3/toolchain/bin/../lib/gcc/arm-none-eabi/4.8.4/../../../../arm-none-eabi/lib/armv6-m\libg_s.a(lib_a-nano-mallocr.o)
 .bss.__malloc_free_list
                0x00000000        0x4 c:/freescale/kds_v3/toolchain/bin/../lib/gcc/arm-none-eabi/4.8.4/../../../../arm-none-eabi/lib/armv6-m\libg_s.a(lib_a-nano-mallocr.o)
 .ARM.attributes
                0x00000000       0x2c c:/freescale/kds_v3/toolchain/bin/../lib/gcc/arm-none-eabi/4.8.4/../../../../arm-none-eabi/lib/armv6-m\libg_s.a(lib_a-nano-mallocr.o)
 .debug_frame   0x00000000       0x2c c:/freescale/kds_v3/toolchain/bin/../lib/gcc/arm-none-eabi/4.8.4/../../../../arm-none-eabi/lib/armv6-m\libg_s.a(lib_a-nano-mallocr.o)
 .text          0x00000000        0x0 c:/freescale/kds_v3/toolchain/bin/../lib/gcc/arm-none-eabi/4.8.4/../../../../arm-none-eabi/lib/armv6-m\libg_s.a(lib_a-reent.o)
 .data          0x00000000        0x0 c:/freescale/kds_v3/toolchain/bin/../lib/gcc/arm-none-eabi/4.8.4/../../../../arm-none-eabi/lib/armv6-m\libg_s.a(lib_a-reent.o)
 .bss           0x00000000        0x0 c:/freescale/kds_v3/toolchain/bin/../lib/gcc/arm-none-eabi/4.8.4/../../../../arm-none-eabi/lib/armv6-m\libg_s.a(lib_a-reent.o)
 .text.cleanup_glue
                0x00000000       0x1a c:/freescale/kds_v3/toolchain/bin/../lib/gcc/arm-none-eabi/4.8.4/../../../../arm-none-eabi/lib/armv6-m\libg_s.a(lib_a-reent.o)
 .text._reclaim_reent
                0x00000000       0xcc c:/freescale/kds_v3/toolchain/bin/../lib/gcc/arm-none-eabi/4.8.4/../../../../arm-none-eabi/lib/armv6-m\libg_s.a(lib_a-reent.o)
 .ARM.attributes
                0x00000000       0x2c c:/freescale/kds_v3/toolchain/bin/../lib/gcc/arm-none-eabi/4.8.4/../../../../arm-none-eabi/lib/armv6-m\libg_s.a(lib_a-reent.o)
 .debug_frame   0x00000000       0x48 c:/freescale/kds_v3/toolchain/bin/../lib/gcc/arm-none-eabi/4.8.4/../../../../arm-none-eabi/lib/armv6-m\libg_s.a(lib_a-reent.o)
 .text          0x00000000        0x0 c:/freescale/kds_v3/toolchain/bin/../lib/gcc/arm-none-eabi/4.8.4/../../../../arm-none-eabi/lib/armv6-m\libg_s.a(lib_a-sbrkr.o)
 .data          0x00000000        0x0 c:/freescale/kds_v3/toolchain/bin/../lib/gcc/arm-none-eabi/4.8.4/../../../../arm-none-eabi/lib/armv6-m\libg_s.a(lib_a-sbrkr.o)
 .bss           0x00000000        0x0 c:/freescale/kds_v3/toolchain/bin/../lib/gcc/arm-none-eabi/4.8.4/../../../../arm-none-eabi/lib/armv6-m\libg_s.a(lib_a-sbrkr.o)
 .text._sbrk_r  0x00000000       0x24 c:/freescale/kds_v3/toolchain/bin/../lib/gcc/arm-none-eabi/4.8.4/../../../../arm-none-eabi/lib/armv6-m\libg_s.a(lib_a-sbrkr.o)
 .ARM.attributes
                0x00000000       0x2c c:/freescale/kds_v3/toolchain/bin/../lib/gcc/arm-none-eabi/4.8.4/../../../../arm-none-eabi/lib/armv6-m\libg_s.a(lib_a-sbrkr.o)
 .debug_frame   0x00000000       0x2c c:/freescale/kds_v3/toolchain/bin/../lib/gcc/arm-none-eabi/4.8.4/../../../../arm-none-eabi/lib/armv6-m\libg_s.a(lib_a-sbrkr.o)
 .text          0x00000000        0x0 c:/freescale/kds_v3/toolchain/bin/../lib/gcc/arm-none-eabi/4.8.4/../../../../arm-none-eabi/lib/armv6-m\libg_s.a(lib_a-nano-freer.o)
 .data          0x00000000        0x0 c:/freescale/kds_v3/toolchain/bin/../lib/gcc/arm-none-eabi/4.8.4/../../../../arm-none-eabi/lib/armv6-m\libg_s.a(lib_a-nano-freer.o)
 .bss           0x00000000        0x0 c:/freescale/kds_v3/toolchain/bin/../lib/gcc/arm-none-eabi/4.8.4/../../../../arm-none-eabi/lib/armv6-m\libg_s.a(lib_a-nano-freer.o)
 .text._free_r  0x00000000       0x90 c:/freescale/kds_v3/toolchain/bin/../lib/gcc/arm-none-eabi/4.8.4/../../../../arm-none-eabi/lib/armv6-m\libg_s.a(lib_a-nano-freer.o)
 .ARM.attributes
                0x00000000       0x2c c:/freescale/kds_v3/toolchain/bin/../lib/gcc/arm-none-eabi/4.8.4/../../../../arm-none-eabi/lib/armv6-m\libg_s.a(lib_a-nano-freer.o)
 .debug_frame   0x00000000       0x2c c:/freescale/kds_v3/toolchain/bin/../lib/gcc/arm-none-eabi/4.8.4/../../../../arm-none-eabi/lib/armv6-m\libg_s.a(lib_a-nano-freer.o)
 .text          0x00000000        0x0 c:/freescale/kds_v3/toolchain/bin/../lib/gcc/arm-none-eabi/4.8.4/../../../../arm-none-eabi/lib/armv6-m\libnosys.a(getpid.o)
 .data          0x00000000        0x0 c:/freescale/kds_v3/toolchain/bin/../lib/gcc/arm-none-eabi/4.8.4/../../../../arm-none-eabi/lib/armv6-m\libnosys.a(getpid.o)
 .bss           0x00000000        0x0 c:/freescale/kds_v3/toolchain/bin/../lib/gcc/arm-none-eabi/4.8.4/../../../../arm-none-eabi/lib/armv6-m\libnosys.a(getpid.o)
 .stab          0x00000000       0x24 c:/freescale/kds_v3/toolchain/bin/../lib/gcc/arm-none-eabi/4.8.4/../../../../arm-none-eabi/lib/armv6-m\libnosys.a(getpid.o)
 .ARM.attributes
                0x00000000       0x2c c:/freescale/kds_v3/toolchain/bin/../lib/gcc/arm-none-eabi/4.8.4/../../../../arm-none-eabi/lib/armv6-m\libnosys.a(getpid.o)
 .debug_frame   0x00000000       0x20 c:/freescale/kds_v3/toolchain/bin/../lib/gcc/arm-none-eabi/4.8.4/../../../../arm-none-eabi/lib/armv6-m\libnosys.a(getpid.o)
 .text          0x00000000        0x0 c:/freescale/kds_v3/toolchain/bin/../lib/gcc/arm-none-eabi/4.8.4/../../../../arm-none-eabi/lib/armv6-m\libnosys.a(kill.o)
 .data          0x00000000        0x0 c:/freescale/kds_v3/toolchain/bin/../lib/gcc/arm-none-eabi/4.8.4/../../../../arm-none-eabi/lib/armv6-m\libnosys.a(kill.o)
 .bss           0x00000000        0x0 c:/freescale/kds_v3/toolchain/bin/../lib/gcc/arm-none-eabi/4.8.4/../../../../arm-none-eabi/lib/armv6-m\libnosys.a(kill.o)
 .stab          0x00000000       0x18 c:/freescale/kds_v3/toolchain/bin/../lib/gcc/arm-none-eabi/4.8.4/../../../../arm-none-eabi/lib/armv6-m\libnosys.a(kill.o)
                                 0x24 (size before relaxing)
 .ARM.attributes
                0x00000000       0x2c c:/freescale/kds_v3/toolchain/bin/../lib/gcc/arm-none-eabi/4.8.4/../../../../arm-none-eabi/lib/armv6-m\libnosys.a(kill.o)
 .debug_frame   0x00000000       0x20 c:/freescale/kds_v3/toolchain/bin/../lib/gcc/arm-none-eabi/4.8.4/../../../../arm-none-eabi/lib/armv6-m\libnosys.a(kill.o)
 .text          0x00000000        0x0 c:/freescale/kds_v3/toolchain/bin/../lib/gcc/arm-none-eabi/4.8.4/../../../../arm-none-eabi/lib/armv6-m\libnosys.a(sbrk.o)
 .data          0x00000000        0x0 c:/freescale/kds_v3/toolchain/bin/../lib/gcc/arm-none-eabi/4.8.4/../../../../arm-none-eabi/lib/armv6-m\libnosys.a(sbrk.o)
 .bss           0x00000000        0x0 c:/freescale/kds_v3/toolchain/bin/../lib/gcc/arm-none-eabi/4.8.4/../../../../arm-none-eabi/lib/armv6-m\libnosys.a(sbrk.o)
 .text._sbrk    0x00000000       0x34 c:/freescale/kds_v3/toolchain/bin/../lib/gcc/arm-none-eabi/4.8.4/../../../../arm-none-eabi/lib/armv6-m\libnosys.a(sbrk.o)
 .bss.heap_end.4246
                0x00000000        0x4 c:/freescale/kds_v3/toolchain/bin/../lib/gcc/arm-none-eabi/4.8.4/../../../../arm-none-eabi/lib/armv6-m\libnosys.a(sbrk.o)
 .ARM.attributes
                0x00000000       0x2c c:/freescale/kds_v3/toolchain/bin/../lib/gcc/arm-none-eabi/4.8.4/../../../../arm-none-eabi/lib/armv6-m\libnosys.a(sbrk.o)
 .debug_frame   0x00000000       0x20 c:/freescale/kds_v3/toolchain/bin/../lib/gcc/arm-none-eabi/4.8.4/../../../../arm-none-eabi/lib/armv6-m\libnosys.a(sbrk.o)
 .text          0x00000000        0x0 c:/freescale/kds_v3/toolchain/bin/../lib/gcc/arm-none-eabi/4.8.4/../../../../arm-none-eabi/lib/armv6-m\libnosys.a(_exit.o)
 .data          0x00000000        0x0 c:/freescale/kds_v3/toolchain/bin/../lib/gcc/arm-none-eabi/4.8.4/../../../../arm-none-eabi/lib/armv6-m\libnosys.a(_exit.o)
 .bss           0x00000000        0x0 c:/freescale/kds_v3/toolchain/bin/../lib/gcc/arm-none-eabi/4.8.4/../../../../arm-none-eabi/lib/armv6-m\libnosys.a(_exit.o)
 .text          0x00000000        0x0 c:/freescale/kds_v3/toolchain/bin/../lib/gcc/arm-none-eabi/4.8.4/armv6-m/crtend.o
 .data          0x00000000        0x0 c:/freescale/kds_v3/toolchain/bin/../lib/gcc/arm-none-eabi/4.8.4/armv6-m/crtend.o
 .bss           0x00000000        0x0 c:/freescale/kds_v3/toolchain/bin/../lib/gcc/arm-none-eabi/4.8.4/armv6-m/crtend.o
 .eh_frame      0x00000000        0x4 c:/freescale/kds_v3/toolchain/bin/../lib/gcc/arm-none-eabi/4.8.4/armv6-m/crtend.o
 .text          0x00000000        0x0 c:/freescale/kds_v3/toolchain/bin/../lib/gcc/arm-none-eabi/4.8.4/armv6-m/crtn.o
 .data          0x00000000        0x0 c:/freescale/kds_v3/toolchain/bin/../lib/gcc/arm-none-eabi/4.8.4/armv6-m/crtn.o
 .bss           0x00000000        0x0 c:/freescale/kds_v3/toolchain/bin/../lib/gcc/arm-none-eabi/4.8.4/armv6-m/crtn.o

Memory Configuration

Name             Origin             Length             Attributes
m_interrupts     0x00000000         0x00000100         xr
m_flash_config   0x00000400         0x00000010         xr
m_text           0x00000410         0x0001fbf0         xr
m_data           0x1ffff000         0x00004000         rw
*default*        0x00000000         0xffffffff

Linker script and memory map

LOAD c:/freescale/kds_v3/toolchain/bin/../lib/gcc/arm-none-eabi/4.8.4/armv6-m/crti.o
LOAD c:/freescale/kds_v3/toolchain/bin/../lib/gcc/arm-none-eabi/4.8.4/armv6-m/crtbegin.o
LOAD c:/freescale/kds_v3/toolchain/bin/../lib/gcc/arm-none-eabi/4.8.4/../../../../arm-none-eabi/lib/armv6-m/crt0.o
LOAD ./Sources/dsf_SerialDisplays.o
LOAD ./Sources/main.o
LOAD ./Sources/mkl_GPIO.o
LOAD ./Sources/mkl_GPIOPort.o
LOAD ./Sources/mkl_PIT.o
LOAD ./Sources/mkl_PITPeriodicInterrupt.o
LOAD ./Project_Settings/Startup_Code/startup_MKL25Z4.o
LOAD ./Project_Settings/Startup_Code/system_MKL25Z4.o
LOAD c:/freescale/kds_v3/toolchain/bin/../lib/gcc/arm-none-eabi/4.8.4/../../../../arm-none-eabi/lib/armv6-m\libstdc++_s.a
LOAD c:/freescale/kds_v3/toolchain/bin/../lib/gcc/arm-none-eabi/4.8.4/../../../../arm-none-eabi/lib/armv6-m\libm.a
START GROUP
LOAD c:/freescale/kds_v3/toolchain/bin/../lib/gcc/arm-none-eabi/4.8.4/armv6-m\libgcc.a
LOAD c:/freescale/kds_v3/toolchain/bin/../lib/gcc/arm-none-eabi/4.8.4/../../../../arm-none-eabi/lib/armv6-m\libg_s.a
LOAD c:/freescale/kds_v3/toolchain/bin/../lib/gcc/arm-none-eabi/4.8.4/../../../../arm-none-eabi/lib/armv6-m\libc_s.a
END GROUP
START GROUP
LOAD c:/freescale/kds_v3/toolchain/bin/../lib/gcc/arm-none-eabi/4.8.4/armv6-m\libgcc.a
LOAD c:/freescale/kds_v3/toolchain/bin/../lib/gcc/arm-none-eabi/4.8.4/../../../../arm-none-eabi/lib/armv6-m\libc_s.a
LOAD c:/freescale/kds_v3/toolchain/bin/../lib/gcc/arm-none-eabi/4.8.4/../../../../arm-none-eabi/lib/armv6-m\libnosys.a
END GROUP
START GROUP
LOAD c:/freescale/kds_v3/toolchain/bin/../lib/gcc/arm-none-eabi/4.8.4/armv6-m\libgcc.a
LOAD c:/freescale/kds_v3/toolchain/bin/../lib/gcc/arm-none-eabi/4.8.4/../../../../arm-none-eabi/lib/armv6-m\libc_s.a
LOAD c:/freescale/kds_v3/toolchain/bin/../lib/gcc/arm-none-eabi/4.8.4/../../../../arm-none-eabi/lib/armv6-m\libnosys.a
END GROUP
LOAD c:/freescale/kds_v3/toolchain/bin/../lib/gcc/arm-none-eabi/4.8.4/armv6-m/crtend.o
LOAD c:/freescale/kds_v3/toolchain/bin/../lib/gcc/arm-none-eabi/4.8.4/armv6-m/crtn.o
                0x00000400                HEAP_SIZE = DEFINED (__heap_size__)?__heap_size__:0x400
                0x00000400                STACK_SIZE = DEFINED (__stack_size__)?__stack_size__:0x400

.interrupts     0x00000000       0xc0
                0x00000000                __VECTOR_TABLE = .
                0x00000000                . = ALIGN (0x4)
 *(.isr_vector)
 .isr_vector    0x00000000       0xc0 ./Project_Settings/Startup_Code/startup_MKL25Z4.o
                0x00000000                __isr_vector
                0x000000c0                . = ALIGN (0x4)

.flash_config   0x00000400       0x10
                0x00000400                . = ALIGN (0x4)
 *(.FlashConfig)
 .FlashConfig   0x00000400       0x10 ./Project_Settings/Startup_Code/startup_MKL25Z4.o
                0x00000410                . = ALIGN (0x4)

.text           0x00000410     0x1b30
                0x00000410                . = ALIGN (0x4)
 *(.text)
 .text          0x00000410       0x60 c:/freescale/kds_v3/toolchain/bin/../lib/gcc/arm-none-eabi/4.8.4/armv6-m/crtbegin.o
 .text          0x00000470       0x78 c:/freescale/kds_v3/toolchain/bin/../lib/gcc/arm-none-eabi/4.8.4/../../../../arm-none-eabi/lib/armv6-m/crt0.o
                0x00000470                _start
                0x00000470                _mainCRTStartup
 .text          0x000004e8       0x34 ./Project_Settings/Startup_Code/startup_MKL25Z4.o
                0x000004e8                Reset_Handler
                0x00000514                HardFault_Handler
                0x00000514                SysTick_Handler
                0x00000514                PendSV_Handler
                0x00000514                NMI_Handler
                0x00000514                I2C1_IRQHandler
                0x00000514                UART1_IRQHandler
                0x00000514                DMA2_IRQHandler
                0x00000514                TPM0_IRQHandler
                0x00000514                LLWU_IRQHandler
                0x00000514                TSI0_IRQHandler
                0x00000514                UART0_IRQHandler
                0x00000514                ADC0_IRQHandler
                0x00000514                Reserved39_IRQHandler
                0x00000514                SPI1_IRQHandler
                0x00000514                DefaultISR
                0x00000514                PORTD_IRQHandler
                0x00000514                TPM2_IRQHandler
                0x00000514                RTC_IRQHandler
                0x00000514                I2C0_IRQHandler
                0x00000514                RTC_Seconds_IRQHandler
                0x00000514                MCG_IRQHandler
                0x00000514                UART2_IRQHandler
                0x00000514                Reserved20_IRQHandler
                0x00000514                USB0_IRQHandler
                0x00000514                SVC_Handler
                0x00000514                DMA3_IRQHandler
                0x00000514                DMA0_IRQHandler
                0x00000514                DAC0_IRQHandler
                0x00000514                Reserved45_IRQHandler
                0x00000514                TPM1_IRQHandler
                0x00000514                LVD_LVW_IRQHandler
                0x00000514                SPI0_IRQHandler
                0x00000514                PORTA_IRQHandler
                0x00000514                FTFA_IRQHandler
                0x00000514                LPTMR0_IRQHandler
                0x00000514                CMP0_IRQHandler
                0x00000514                DMA1_IRQHandler
 .text          0x0000051c       0x9c c:/freescale/kds_v3/toolchain/bin/../lib/gcc/arm-none-eabi/4.8.4/armv6-m\libgcc.a(_udivsi3.o)
                0x0000051c                __aeabi_uidiv
                0x0000051c                __udivsi3
                0x000005a4                __aeabi_uidivmod
 .text          0x000005b8       0xc0 c:/freescale/kds_v3/toolchain/bin/../lib/gcc/arm-none-eabi/4.8.4/armv6-m\libgcc.a(_divsi3.o)
                0x000005b8                __divsi3
                0x000005b8                __aeabi_idiv
                0x00000664                __aeabi_idivmod
 .text          0x00000678        0x4 c:/freescale/kds_v3/toolchain/bin/../lib/gcc/arm-none-eabi/4.8.4/armv6-m\libgcc.a(_dvmd_tls.o)
                0x00000678                __aeabi_idiv0
                0x00000678                __aeabi_ldiv0
 .text          0x0000067c      0xa34 c:/freescale/kds_v3/toolchain/bin/../lib/gcc/arm-none-eabi/4.8.4/armv6-m\libgcc.a(unwind-arm.o)
                0x00000954                _Unwind_GetCFA
                0x00000958                __gnu_Unwind_RaiseException
                0x000009a8                __gnu_Unwind_ForcedUnwind
                0x000009bc                __gnu_Unwind_Resume
                0x00000a04                __gnu_Unwind_Resume_or_Rethrow
                0x00000a20                _Unwind_Complete
                0x00000a24                _Unwind_DeleteException
                0x00000a34                _Unwind_VRS_Get
                0x00000a80                _Unwind_VRS_Set
                0x00000ad0                __gnu_Unwind_Backtrace
                0x00000e28                __aeabi_unwind_cpp_pr0
                0x00000e34                __aeabi_unwind_cpp_pr1
                0x00000e40                __aeabi_unwind_cpp_pr2
                0x00000e4c                _Unwind_VRS_Pop
 .text          0x000010b0      0x144 c:/freescale/kds_v3/toolchain/bin/../lib/gcc/arm-none-eabi/4.8.4/armv6-m\libgcc.a(libunwind.o)
                0x000010b0                __restore_core_regs
                0x000010b0                restore_core_regs
                0x000010dc                __gnu_Unwind_Restore_VFP
                0x000010e0                __gnu_Unwind_Save_VFP
                0x000010e4                __gnu_Unwind_Restore_VFP_D
                0x000010e8                __gnu_Unwind_Save_VFP_D
                0x000010ec                __gnu_Unwind_Restore_VFP_D_16_to_31
                0x000010f0                __gnu_Unwind_Save_VFP_D_16_to_31
                0x000010f4                __gnu_Unwind_Restore_WMMXD
                0x000010f8                __gnu_Unwind_Save_WMMXD
                0x000010fc                __gnu_Unwind_Restore_WMMXC
                0x00001100                __gnu_Unwind_Save_WMMXC
                0x00001104                ___Unwind_RaiseException
                0x00001104                _Unwind_RaiseException
                0x00001134                _Unwind_Resume
                0x00001134                ___Unwind_Resume
                0x00001164                _Unwind_Resume_or_Rethrow
                0x00001164                ___Unwind_Resume_or_Rethrow
                0x00001194                _Unwind_ForcedUnwind
                0x00001194                ___Unwind_ForcedUnwind
                0x000011c4                ___Unwind_Backtrace
                0x000011c4                _Unwind_Backtrace
 .text          0x000011f4      0x3a4 c:/freescale/kds_v3/toolchain/bin/../lib/gcc/arm-none-eabi/4.8.4/armv6-m\libgcc.a(pr-support.o)
                0x00001248                __gnu_unwind_execute
                0x00001540                __gnu_unwind_frame
                0x00001568                _Unwind_GetRegionStart
                0x00001574                _Unwind_GetLanguageSpecificData
                0x00001588                _Unwind_GetDataRelBase
                0x00001590                _Unwind_GetTextRelBase
 *(.text*)
 .text._ZN18dsf_SerialDisplaysC2E8gpio_PinS0_S0_
                0x00001598       0xdc ./Sources/dsf_SerialDisplays.o
                0x00001598                dsf_SerialDisplays::dsf_SerialDisplays(gpio_Pin, gpio_Pin, gpio_Pin)
                0x00001598                dsf_SerialDisplays::dsf_SerialDisplays(gpio_Pin, gpio_Pin, gpio_Pin)
 .text._ZN18dsf_SerialDisplays14updateDisplaysEv
                0x00001674       0xe0 ./Sources/dsf_SerialDisplays.o
                0x00001674                dsf_SerialDisplays::updateDisplays()
 .text._ZN18dsf_SerialDisplays9writeWordEt
                0x00001754       0xc8 ./Sources/dsf_SerialDisplays.o
                0x00001754                dsf_SerialDisplays::writeWord(unsigned short)
 .text._ZN18dsf_SerialDisplays13clearDisplaysEv
                0x0000181c       0x30 ./Sources/dsf_SerialDisplays.o
                0x0000181c                dsf_SerialDisplays::clearDisplays()
 .text._ZN18dsf_SerialDisplays10sendNibbleEc
                0x0000184c       0x70 ./Sources/dsf_SerialDisplays.o
                0x0000184c                dsf_SerialDisplays::sendNibble(char)
 .text._ZN18dsf_SerialDisplays9setNibbleEv
                0x000018bc       0x4c ./Sources/dsf_SerialDisplays.o
                0x000018bc                dsf_SerialDisplays::setNibble()
 .text._Z8setupPITv
                0x00001908       0x28 ./Sources/main.o
                0x00001908                setupPIT()
 .text.PIT_IRQHandler
                0x00001930       0x14 ./Sources/main.o
                0x00001930                PIT_IRQHandler
 .text.main     0x00001944       0x44 ./Sources/main.o
                0x00001944                main
 .text._Z41__static_initialization_and_destruction_0ii
                0x00001988       0x4c ./Sources/main.o
 .text._GLOBAL__sub_I_pit
                0x000019d4       0x18 ./Sources/main.o
 .text._ZN8mkl_GPIO11setPortModeE13gpio_PortMode
                0x000019ec       0x44 ./Sources/mkl_GPIO.o
                0x000019ec                mkl_GPIO::setPortMode(gpio_PortMode)
 .text._ZN8mkl_GPIO8writeBitEi
                0x00001a30       0x40 ./Sources/mkl_GPIO.o
                0x00001a30                mkl_GPIO::writeBit(int)
 .text._ZN8mkl_GPIO14bindPeripheralEhh
                0x00001a70       0x68 ./Sources/mkl_GPIO.o
                0x00001a70                mkl_GPIO::bindPeripheral(unsigned char, unsigned char)
 .text._ZN8mkl_GPIO17enableModuleClockEh
                0x00001ad8       0x38 ./Sources/mkl_GPIO.o
                0x00001ad8                mkl_GPIO::enableModuleClock(unsigned char)
 .text._ZN8mkl_GPIO20selectMuxAlternativeEv
                0x00001b10       0x18 ./Sources/mkl_GPIO.o
                0x00001b10                mkl_GPIO::selectMuxAlternative()
 .text._ZN8mkl_GPIO17setGPIOParametersE8gpio_PinRmS1_
                0x00001b28       0x4c ./Sources/mkl_GPIO.o
                0x00001b28                mkl_GPIO::setGPIOParameters(gpio_Pin, unsigned long&, unsigned long&)
 .text._ZN8mkl_GPIOC2Ev
                0x00001b74       0x14 ./Sources/mkl_GPIOPort.o
                0x00001b74                mkl_GPIO::mkl_GPIO()
                0x00001b74                mkl_GPIO::mkl_GPIO()
 .text._ZN12mkl_GPIOPortC2E8gpio_Pin
                0x00001b88       0x5c ./Sources/mkl_GPIOPort.o
                0x00001b88                mkl_GPIOPort::mkl_GPIOPort(gpio_Pin)
                0x00001b88                mkl_GPIOPort::mkl_GPIOPort(gpio_Pin)
 .text._ZN7mkl_PIT11bindChannelE9PIT_ChPIT
                0x00001be4       0x64 ./Sources/mkl_PIT.o
                0x00001be4                mkl_PIT::bindChannel(PIT_ChPIT)
 .text._ZN7mkl_PIT21enablePeripheralClockEv
                0x00001c48       0x28 ./Sources/mkl_PIT.o
                0x00001c48                mkl_PIT::enablePeripheralClock()
 .text._ZN7mkl_PIT22enablePeripheralModuleEv
                0x00001c70       0x20 ./Sources/mkl_PIT.o
                0x00001c70                mkl_PIT::enablePeripheralModule()
 .text._ZN7mkl_PIT9setPeriodEm
                0x00001c90       0x18 ./Sources/mkl_PIT.o
                0x00001c90                mkl_PIT::setPeriod(unsigned long)
 .text._ZN7mkl_PIT11enableTimerEv
                0x00001ca8       0x20 ./Sources/mkl_PIT.o
                0x00001ca8                mkl_PIT::enableTimer()
 .text._ZN7mkl_PIT12disableTimerEv
                0x00001cc8       0x20 ./Sources/mkl_PIT.o
                0x00001cc8                mkl_PIT::disableTimer()
 .text._ZN7mkl_PIT12resetCounterEv
                0x00001ce8       0x20 ./Sources/mkl_PIT.o
                0x00001ce8                mkl_PIT::resetCounter()
 .text.NVIC_EnableIRQ
                0x00001d08       0x2c ./Sources/mkl_PITPeriodicInterrupt.o
 .text._ZN7mkl_PITC2Ev
                0x00001d34       0x14 ./Sources/mkl_PITPeriodicInterrupt.o
                0x00001d34                mkl_PIT::mkl_PIT()
                0x00001d34                mkl_PIT::mkl_PIT()
 .text._ZN25mkl_PITInterruptInterruptC2E9PIT_ChPIT
                0x00001d48       0x38 ./Sources/mkl_PITPeriodicInterrupt.o
                0x00001d48                mkl_PITInterruptInterrupt::mkl_PITInterruptInterrupt(PIT_ChPIT)
                0x00001d48                mkl_PITInterruptInterrupt::mkl_PITInterruptInterrupt(PIT_ChPIT)
 .text._ZN25mkl_PITInterruptInterrupt23enableInterruptRequestsEv
                0x00001d80       0x24 ./Sources/mkl_PITPeriodicInterrupt.o
                0x00001d80                mkl_PITInterruptInterrupt::enableInterruptRequests()
 .text.SystemInit
                0x00001da4       0x18 ./Project_Settings/Startup_Code/system_MKL25Z4.o
                0x00001da4                SystemInit
 .text.abort    0x00001dbc        0xe c:/freescale/kds_v3/toolchain/bin/../lib/gcc/arm-none-eabi/4.8.4/../../../../arm-none-eabi/lib/armv6-m\libg_s.a(lib_a-abort.o)
                0x00001dbc                abort
 *fill*         0x00001dca        0x2 
 .text.exit     0x00001dcc       0x2c c:/freescale/kds_v3/toolchain/bin/../lib/gcc/arm-none-eabi/4.8.4/../../../../arm-none-eabi/lib/armv6-m\libg_s.a(lib_a-exit.o)
                0x00001dcc                exit
 .text.__libc_init_array
                0x00001df8       0x4c c:/freescale/kds_v3/toolchain/bin/../lib/gcc/arm-none-eabi/4.8.4/../../../../arm-none-eabi/lib/armv6-m\libg_s.a(lib_a-init.o)
                0x00001df8                __libc_init_array
 .text.memcpy   0x00001e44       0x12 c:/freescale/kds_v3/toolchain/bin/../lib/gcc/arm-none-eabi/4.8.4/../../../../arm-none-eabi/lib/armv6-m\libg_s.a(lib_a-memcpy-stub.o)
                0x00001e44                memcpy
 .text.memset   0x00001e56       0x10 c:/freescale/kds_v3/toolchain/bin/../lib/gcc/arm-none-eabi/4.8.4/../../../../arm-none-eabi/lib/armv6-m\libg_s.a(lib_a-memset.o)
                0x00001e56                memset
 .text._raise_r
                0x00001e66       0x56 c:/freescale/kds_v3/toolchain/bin/../lib/gcc/arm-none-eabi/4.8.4/../../../../arm-none-eabi/lib/armv6-m\libg_s.a(lib_a-signal.o)
                0x00001e66                _raise_r
 .text.raise    0x00001ebc       0x14 c:/freescale/kds_v3/toolchain/bin/../lib/gcc/arm-none-eabi/4.8.4/../../../../arm-none-eabi/lib/armv6-m\libg_s.a(lib_a-signal.o)
                0x00001ebc                raise
 .text._kill_r  0x00001ed0       0x24 c:/freescale/kds_v3/toolchain/bin/../lib/gcc/arm-none-eabi/4.8.4/../../../../arm-none-eabi/lib/armv6-m\libg_s.a(lib_a-signalr.o)
                0x00001ed0                _kill_r
 .text._getpid_r
                0x00001ef4        0x8 c:/freescale/kds_v3/toolchain/bin/../lib/gcc/arm-none-eabi/4.8.4/../../../../arm-none-eabi/lib/armv6-m\libg_s.a(lib_a-signalr.o)
                0x00001ef4                _getpid_r
 .text._getpid  0x00001efc       0x10 c:/freescale/kds_v3/toolchain/bin/../lib/gcc/arm-none-eabi/4.8.4/../../../../arm-none-eabi/lib/armv6-m\libnosys.a(getpid.o)
                0x00001efc                _getpid
 .text._kill    0x00001f0c       0x10 c:/freescale/kds_v3/toolchain/bin/../lib/gcc/arm-none-eabi/4.8.4/../../../../arm-none-eabi/lib/armv6-m\libnosys.a(kill.o)
                0x00001f0c                _kill
 .text._exit    0x00001f1c        0x4 c:/freescale/kds_v3/toolchain/bin/../lib/gcc/arm-none-eabi/4.8.4/../../../../arm-none-eabi/lib/armv6-m\libnosys.a(_exit.o)
                0x00001f1c                _exit
 *(.rodata)
 *(.rodata*)
 .rodata.str1.1
                0x00001f20        0x2 c:/freescale/kds_v3/toolchain/bin/../lib/gcc/arm-none-eabi/4.8.4/../../../../arm-none-eabi/lib/armv6-m\libg_s.a(lib_a-impure.o)
 *fill*         0x00001f22        0x2 
 .rodata._global_impure_ptr
                0x00001f24        0x4 c:/freescale/kds_v3/toolchain/bin/../lib/gcc/arm-none-eabi/4.8.4/../../../../arm-none-eabi/lib/armv6-m\libg_s.a(lib_a-impure.o)
                0x00001f24                _global_impure_ptr
 *(.glue_7)
 .glue_7        0x00000000        0x0 linker stubs
 *(.glue_7t)
 .glue_7t       0x00000000        0x0 linker stubs
 *(.eh_frame)
 .eh_frame      0x00001f28        0x0 c:/freescale/kds_v3/toolchain/bin/../lib/gcc/arm-none-eabi/4.8.4/armv6-m/crtbegin.o
 *(.init)
 .init          0x00001f28        0x4 c:/freescale/kds_v3/toolchain/bin/../lib/gcc/arm-none-eabi/4.8.4/armv6-m/crti.o
                0x00001f28                _init
 .init          0x00001f2c        0x8 c:/freescale/kds_v3/toolchain/bin/../lib/gcc/arm-none-eabi/4.8.4/armv6-m/crtn.o
 *(.fini)
 .fini          0x00001f34        0x4 c:/freescale/kds_v3/toolchain/bin/../lib/gcc/arm-none-eabi/4.8.4/armv6-m/crti.o
                0x00001f34                _fini
 .fini          0x00001f38        0x8 c:/freescale/kds_v3/toolchain/bin/../lib/gcc/arm-none-eabi/4.8.4/armv6-m/crtn.o
                0x00001f40                . = ALIGN (0x4)

.vfp11_veneer   0x00001f40        0x0
 .vfp11_veneer  0x00000000        0x0 linker stubs

.v4_bx          0x00001f40        0x0
 .v4_bx         0x00000000        0x0 linker stubs

.iplt           0x00001f40        0x0
 .iplt          0x00000000        0x0 c:/freescale/kds_v3/toolchain/bin/../lib/gcc/arm-none-eabi/4.8.4/armv6-m/crtbegin.o

.ARM.extab      0x00001f40       0xd8
 *(.ARM.extab* .gnu.linkonce.armextab.*)
 .ARM.extab.text._ZN18dsf_SerialDisplaysC2E8gpio_PinS0_S0_
                0x00001f40        0xc ./Sources/dsf_SerialDisplays.o
 .ARM.extab.text._ZN18dsf_SerialDisplays14updateDisplaysEv
                0x00001f4c        0xc ./Sources/dsf_SerialDisplays.o
 .ARM.extab.text._ZN18dsf_SerialDisplays10sendNibbleEc
                0x00001f58        0xc ./Sources/dsf_SerialDisplays.o
 .ARM.extab.text._ZN8mkl_GPIOC2Ev
                0x00001f64        0x0 ./Sources/mkl_GPIOPort.o
 .ARM.extab.text._ZN12mkl_GPIOPortC2E8gpio_Pin
                0x00001f64        0xc ./Sources/mkl_GPIOPort.o
 .ARM.extab.text._ZN7mkl_PITC2Ev
                0x00001f70        0x0 ./Sources/mkl_PITPeriodicInterrupt.o
 .ARM.extab.text._ZN25mkl_PITInterruptInterruptC2E9PIT_ChPIT
                0x00001f70        0xc ./Sources/mkl_PITPeriodicInterrupt.o
 .ARM.extab     0x00001f7c       0x6c c:/freescale/kds_v3/toolchain/bin/../lib/gcc/arm-none-eabi/4.8.4/armv6-m\libgcc.a(unwind-arm.o)
 .ARM.extab     0x00001fe8       0x30 c:/freescale/kds_v3/toolchain/bin/../lib/gcc/arm-none-eabi/4.8.4/armv6-m\libgcc.a(pr-support.o)

.ARM            0x00002018      0x138
                0x00002018                __exidx_start = .
 *(.ARM.exidx*)
 .ARM.exidx     0x00002018        0x8 c:/freescale/kds_v3/toolchain/bin/../lib/gcc/arm-none-eabi/4.8.4/../../../../arm-none-eabi/lib/armv6-m/crt0.o
 .ARM.exidx.text._ZN18dsf_SerialDisplaysC2E8gpio_PinS0_S0_
                0x000020f8        0x8 ./Sources/dsf_SerialDisplays.o
 .ARM.exidx.text._ZN18dsf_SerialDisplays14updateDisplaysEv
                0x00002100        0x8 ./Sources/dsf_SerialDisplays.o
 .ARM.exidx.text._ZN18dsf_SerialDisplays9writeWordEt
                0x00002108        0x8 ./Sources/dsf_SerialDisplays.o
 .ARM.exidx.text._ZN18dsf_SerialDisplays13clearDisplaysEv
                0x00002110        0x0 ./Sources/dsf_SerialDisplays.o
                                  0x8 (size before relaxing)
 .ARM.exidx.text._ZN18dsf_SerialDisplays10sendNibbleEc
                0x00002110        0x8 ./Sources/dsf_SerialDisplays.o
 .ARM.exidx.text._ZN18dsf_SerialDisplays9setNibbleEv
                0x00002118        0x8 ./Sources/dsf_SerialDisplays.o
 .ARM.exidx.text._Z8setupPITv
                0x00002120        0x8 ./Sources/main.o
 .ARM.exidx.text.PIT_IRQHandler
                0x00002128        0x0 ./Sources/main.o
                                  0x8 (size before relaxing)
 .ARM.exidx.text.main
                0x00002128        0x0 ./Sources/main.o
                                  0x8 (size before relaxing)
 .ARM.exidx.text._Z41__static_initialization_and_destruction_0ii
                0x00002128        0x8 ./Sources/main.o
 .ARM.exidx.text._GLOBAL__sub_I_pit
                0x00002130        0x0 ./Sources/main.o
                                  0x8 (size before relaxing)
 .ARM.exidx.text._ZN8mkl_GPIO11setPortModeE13gpio_PortMode
                0x00002130        0x0 ./Sources/mkl_GPIO.o
                                  0x8 (size before relaxing)
 .ARM.exidx.text._ZN8mkl_GPIO8writeBitEi
                0x00002130        0x0 ./Sources/mkl_GPIO.o
                                  0x8 (size before relaxing)
 .ARM.exidx.text._ZN8mkl_GPIO14bindPeripheralEhh
                0x00002130        0x0 ./Sources/mkl_GPIO.o
                                  0x8 (size before relaxing)
 .ARM.exidx.text._ZN8mkl_GPIO17enableModuleClockEh
                0x00002130        0x0 ./Sources/mkl_GPIO.o
                                  0x8 (size before relaxing)
 .ARM.exidx.text._ZN8mkl_GPIO20selectMuxAlternativeEv
                0x00002130        0x0 ./Sources/mkl_GPIO.o
                                  0x8 (size before relaxing)
 .ARM.exidx.text._ZN8mkl_GPIO17setGPIOParametersE8gpio_PinRmS1_
                0x00002130        0x0 ./Sources/mkl_GPIO.o
                                  0x8 (size before relaxing)
 .ARM.exidx.text._ZN8mkl_GPIOC2Ev
                0x00002130        0x0 ./Sources/mkl_GPIOPort.o
                                  0x8 (size before relaxing)
 .ARM.exidx.text._ZN12mkl_GPIOPortC2E8gpio_Pin
                0x00002130        0x8 ./Sources/mkl_GPIOPort.o
 .ARM.exidx.text._ZN7mkl_PIT11bindChannelE9PIT_ChPIT
                0x00002138        0x8 ./Sources/mkl_PIT.o
 .ARM.exidx.text._ZN7mkl_PIT21enablePeripheralClockEv
                0x00002140        0x0 ./Sources/mkl_PIT.o
                                  0x8 (size before relaxing)
 .ARM.exidx.text._ZN7mkl_PIT22enablePeripheralModuleEv
                0x00002140        0x0 ./Sources/mkl_PIT.o
                                  0x8 (size before relaxing)
 .ARM.exidx.text._ZN7mkl_PIT9setPeriodEm
                0x00002140        0x0 ./Sources/mkl_PIT.o
                                  0x8 (size before relaxing)
 .ARM.exidx.text._ZN7mkl_PIT11enableTimerEv
                0x00002140        0x0 ./Sources/mkl_PIT.o
                                  0x8 (size before relaxing)
 .ARM.exidx.text._ZN7mkl_PIT12disableTimerEv
                0x00002140        0x0 ./Sources/mkl_PIT.o
                                  0x8 (size before relaxing)
 .ARM.exidx.text._ZN7mkl_PIT12resetCounterEv
                0x00002140        0x0 ./Sources/mkl_PIT.o
                                  0x8 (size before relaxing)
 .ARM.exidx.text.NVIC_EnableIRQ
                0x00002140        0x0 ./Sources/mkl_PITPeriodicInterrupt.o
                                  0x8 (size before relaxing)
 .ARM.exidx.text._ZN7mkl_PITC2Ev
                0x00002140        0x0 ./Sources/mkl_PITPeriodicInterrupt.o
                                  0x8 (size before relaxing)
 .ARM.exidx.text._ZN25mkl_PITInterruptInterruptC2E9PIT_ChPIT
                0x00002140        0x8 ./Sources/mkl_PITPeriodicInterrupt.o
 .ARM.exidx.text._ZN25mkl_PITInterruptInterrupt23enableInterruptRequestsEv
                0x00002148        0x8 ./Sources/mkl_PITPeriodicInterrupt.o
 .ARM.exidx     0x00002020       0xa0 c:/freescale/kds_v3/toolchain/bin/../lib/gcc/arm-none-eabi/4.8.4/armv6-m\libgcc.a(unwind-arm.o)
                                 0xd8 (size before relaxing)
 .ARM.exidx     0x000020c0       0x38 c:/freescale/kds_v3/toolchain/bin/../lib/gcc/arm-none-eabi/4.8.4/armv6-m\libgcc.a(pr-support.o)
                                 0x48 (size before relaxing)
                0x00002150                __exidx_end = .

.rel.dyn        0x00002150        0x0
 .rel.iplt      0x00000000        0x0 c:/freescale/kds_v3/toolchain/bin/../lib/gcc/arm-none-eabi/4.8.4/armv6-m/crtbegin.o

.ctors          0x00002150        0x0
                0x00002150                __CTOR_LIST__ = .
 *crtbegin.o(.ctors)
 *crtbegin?.o(.ctors)
 *(EXCLUDE_FILE(*crtend.o *crtend?.o) .ctors)
 *(SORT(.ctors.*))
 *(.ctors)
                0x00002150                __CTOR_END__ = .

.dtors          0x00002150        0x0
                0x00002150                __DTOR_LIST__ = .
 *crtbegin.o(.dtors)
 *crtbegin?.o(.dtors)
 *(EXCLUDE_FILE(*crtend.o *crtend?.o) .dtors)
 *(SORT(.dtors.*))
 *(.dtors)
                0x00002150                __DTOR_END__ = .

.preinit_array  0x00002150        0x0
                0x00002150                PROVIDE (__preinit_array_start, .)
 *(.preinit_array*)
                0x00002150                PROVIDE (__preinit_array_end, .)

.init_array     0x00002150        0x8
                0x00002150                PROVIDE (__init_array_start, .)
 *(SORT(.init_array.*))
 *(.init_array*)
 .init_array    0x00002150        0x4 c:/freescale/kds_v3/toolchain/bin/../lib/gcc/arm-none-eabi/4.8.4/armv6-m/crtbegin.o
 .init_array    0x00002154        0x4 ./Sources/main.o
                0x00002158                PROVIDE (__init_array_end, .)

.fini_array     0x00002158        0x4
                0x00002158                PROVIDE (__fini_array_start, .)
 *(SORT(.fini_array.*))
 *(.fini_array*)
 .fini_array    0x00002158        0x4 c:/freescale/kds_v3/toolchain/bin/../lib/gcc/arm-none-eabi/4.8.4/armv6-m/crtbegin.o
                0x0000215c                PROVIDE (__fini_array_end, .)
                0x0000215c                __etext = .
                0x0000215c                __DATA_ROM = .

.mtb            0x1ffff000        0x0
                0x1ffff000                . = ALIGN (0x8)
                0x1ffff000                _mtb_start = .
 *(.mtb_buf)
                0x1ffff000                . = ALIGN (0x8)
                0x1ffff000                _mtb_end = .

.data           0x1ffff000       0x68 load address 0x0000215c
                0x1ffff000                . = ALIGN (0x4)
                0x1ffff000                __DATA_RAM = .
                0x1ffff000                __data_start__ = .
 *(.data)
 *(.data*)
 .data.impure_data
                0x1ffff000       0x60 c:/freescale/kds_v3/toolchain/bin/../lib/gcc/arm-none-eabi/4.8.4/../../../../arm-none-eabi/lib/armv6-m\libg_s.a(lib_a-impure.o)
 .data._impure_ptr
                0x1ffff060        0x4 c:/freescale/kds_v3/toolchain/bin/../lib/gcc/arm-none-eabi/4.8.4/../../../../arm-none-eabi/lib/armv6-m\libg_s.a(lib_a-impure.o)
                0x1ffff060                _impure_ptr
 *(.jcr*)
 .jcr           0x1ffff064        0x0 c:/freescale/kds_v3/toolchain/bin/../lib/gcc/arm-none-eabi/4.8.4/armv6-m/crtbegin.o
 .jcr           0x1ffff064        0x4 c:/freescale/kds_v3/toolchain/bin/../lib/gcc/arm-none-eabi/4.8.4/armv6-m/crtend.o
                0x1ffff068                . = ALIGN (0x4)
                0x1ffff068                __data_end__ = .
                0x000021c4                __DATA_END = (__DATA_ROM + (__data_end__ - __data_start__))

.igot.plt       0x1ffff068        0x0 load address 0x000021c4
 .igot.plt      0x00000000        0x0 c:/freescale/kds_v3/toolchain/bin/../lib/gcc/arm-none-eabi/4.8.4/armv6-m/crtbegin.o

.bss            0x1ffff068       0x88 load address 0x000021c4
                0x1ffff068                . = ALIGN (0x4)
                0x1ffff068                __START_BSS = .
                0x1ffff068                __bss_start__ = .
 *(.bss)
 .bss           0x1ffff068       0x1c c:/freescale/kds_v3/toolchain/bin/../lib/gcc/arm-none-eabi/4.8.4/armv6-m/crtbegin.o
 *(.bss*)
 .bss.pit       0x1ffff084       0x10 ./Sources/main.o
                0x1ffff084                pit
 .bss.disp      0x1ffff094       0x58 ./Sources/main.o
                0x1ffff094                disp
 *(COMMON)
 COMMON         0x1ffff0ec        0x4 c:/freescale/kds_v3/toolchain/bin/../lib/gcc/arm-none-eabi/4.8.4/../../../../arm-none-eabi/lib/armv6-m\libg_s.a(lib_a-reent.o)
                0x1ffff0ec                errno
                0x1ffff0f0                . = ALIGN (0x4)
                0x1ffff0f0                __bss_end__ = .
                0x1ffff0f0                __END_BSS = .

.heap           0x1ffff0f0      0x400 load address 0x0000224c
                0x1ffff0f0                . = ALIGN (0x8)
                0x1ffff0f0                __end__ = .
                0x1ffff0f0                PROVIDE (end, .)
                0x1ffff0f0                __HeapBase = .
                0x1ffff4f0                . = (. + HEAP_SIZE)
 *fill*         0x1ffff0f0      0x400 
                0x1ffff4f0                __HeapLimit = .

.stack          0x1ffff4f0      0x400 load address 0x0000264c
                0x1ffff4f0                . = ALIGN (0x8)
                0x1ffff8f0                . = (. + STACK_SIZE)
 *fill*         0x1ffff4f0      0x400 
                0x20003000                __StackTop = (ORIGIN (m_data) + 0x4000)
                0x20002c00                __StackLimit = (__StackTop - STACK_SIZE)
                0x20003000                PROVIDE (__stack, __StackTop)

.ARM.attributes
                0x00000000       0x28
 *(.ARM.attributes)
 .ARM.attributes
                0x00000000       0x1e c:/freescale/kds_v3/toolchain/bin/../lib/gcc/arm-none-eabi/4.8.4/armv6-m/crti.o
 .ARM.attributes
                0x0000001e       0x2c c:/freescale/kds_v3/toolchain/bin/../lib/gcc/arm-none-eabi/4.8.4/armv6-m/crtbegin.o
 .ARM.attributes
                0x0000004a       0x1b c:/freescale/kds_v3/toolchain/bin/../lib/gcc/arm-none-eabi/4.8.4/../../../../arm-none-eabi/lib/armv6-m/crt0.o
 .ARM.attributes
                0x00000065       0x32 ./Sources/dsf_SerialDisplays.o
 .ARM.attributes
                0x00000097       0x32 ./Sources/main.o
 .ARM.attributes
                0x000000c9       0x32 ./Sources/mkl_GPIO.o
 .ARM.attributes
                0x000000fb       0x32 ./Sources/mkl_GPIOPort.o
 .ARM.attributes
                0x0000012d       0x32 ./Sources/mkl_PIT.o
 .ARM.attributes
                0x0000015f       0x32 ./Sources/mkl_PITPeriodicInterrupt.o
 .ARM.attributes
                0x00000191       0x1b ./Project_Settings/Startup_Code/startup_MKL25Z4.o
 .ARM.attributes
                0x000001ac       0x32 ./Project_Settings/Startup_Code/system_MKL25Z4.o
 .ARM.attributes
                0x000001de       0x1e c:/freescale/kds_v3/toolchain/bin/../lib/gcc/arm-none-eabi/4.8.4/armv6-m\libgcc.a(_udivsi3.o)
 .ARM.attributes
                0x000001fc       0x1e c:/freescale/kds_v3/toolchain/bin/../lib/gcc/arm-none-eabi/4.8.4/armv6-m\libgcc.a(_divsi3.o)
 .ARM.attributes
                0x0000021a       0x1e c:/freescale/kds_v3/toolchain/bin/../lib/gcc/arm-none-eabi/4.8.4/armv6-m\libgcc.a(_dvmd_tls.o)
 .ARM.attributes
                0x00000238       0x2c c:/freescale/kds_v3/toolchain/bin/../lib/gcc/arm-none-eabi/4.8.4/../../../../arm-none-eabi/lib/armv6-m\libg_s.a(lib_a-exit.o)
 .ARM.attributes
                0x00000264       0x2c c:/freescale/kds_v3/toolchain/bin/../lib/gcc/arm-none-eabi/4.8.4/../../../../arm-none-eabi/lib/armv6-m\libg_s.a(lib_a-impure.o)
 .ARM.attributes
                0x00000290       0x2c c:/freescale/kds_v3/toolchain/bin/../lib/gcc/arm-none-eabi/4.8.4/../../../../arm-none-eabi/lib/armv6-m\libg_s.a(lib_a-init.o)
 .ARM.attributes
                0x000002bc       0x2c c:/freescale/kds_v3/toolchain/bin/../lib/gcc/arm-none-eabi/4.8.4/../../../../arm-none-eabi/lib/armv6-m\libg_s.a(lib_a-memset.o)
 .ARM.attributes
                0x000002e8       0x2c c:/freescale/kds_v3/toolchain/bin/../lib/gcc/arm-none-eabi/4.8.4/../../../../arm-none-eabi/lib/armv6-m\libnosys.a(_exit.o)
 .ARM.attributes
                0x00000314       0x2c c:/freescale/kds_v3/toolchain/bin/../lib/gcc/arm-none-eabi/4.8.4/armv6-m/crtend.o
 .ARM.attributes
                0x00000340       0x1e c:/freescale/kds_v3/toolchain/bin/../lib/gcc/arm-none-eabi/4.8.4/armv6-m/crtn.o
                0x00000001                ASSERT ((__StackLimit >= __HeapLimit), region m_data overflowed with stack and heap)
OUTPUT(SerialDisplays.elf elf32-littlearm)

.debug_info     0x00000000     0x2f66
 .debug_info    0x00000000      0x825 ./Sources/dsf_SerialDisplays.o
 .debug_info    0x00000825      0x8e0 ./Sources/main.o
 .debug_info    0x00001105      0x7d6 ./Sources/mkl_GPIO.o
 .debug_info    0x000018db      0x50c ./Sources/mkl_GPIOPort.o
 .debug_info    0x00001de7      0x6f7 ./Sources/mkl_PIT.o
 .debug_info    0x000024de      0x605 ./Sources/mkl_PITPeriodicInterrupt.o
 .debug_info    0x00002ae3       0x96 ./Project_Settings/Startup_Code/startup_MKL25Z4.o
 .debug_info    0x00002b79      0x3ed ./Project_Settings/Startup_Code/system_MKL25Z4.o

.debug_abbrev   0x00000000      0xc98
 .debug_abbrev  0x00000000      0x249 ./Sources/dsf_SerialDisplays.o
 .debug_abbrev  0x00000249      0x210 ./Sources/main.o
 .debug_abbrev  0x00000459      0x197 ./Sources/mkl_GPIO.o
 .debug_abbrev  0x000005f0      0x187 ./Sources/mkl_GPIOPort.o
 .debug_abbrev  0x00000777      0x1c9 ./Sources/mkl_PIT.o
 .debug_abbrev  0x00000940      0x23b ./Sources/mkl_PITPeriodicInterrupt.o
 .debug_abbrev  0x00000b7b       0x14 ./Project_Settings/Startup_Code/startup_MKL25Z4.o
 .debug_abbrev  0x00000b8f      0x109 ./Project_Settings/Startup_Code/system_MKL25Z4.o

.debug_aranges  0x00000000      0x230
 .debug_aranges
                0x00000000       0x60 ./Sources/dsf_SerialDisplays.o
 .debug_aranges
                0x00000060       0x40 ./Sources/main.o
 .debug_aranges
                0x000000a0       0x60 ./Sources/mkl_GPIO.o
 .debug_aranges
                0x00000100       0x28 ./Sources/mkl_GPIOPort.o
 .debug_aranges
                0x00000128       0x78 ./Sources/mkl_PIT.o
 .debug_aranges
                0x000001a0       0x48 ./Sources/mkl_PITPeriodicInterrupt.o
 .debug_aranges
                0x000001e8       0x20 ./Project_Settings/Startup_Code/startup_MKL25Z4.o
 .debug_aranges
                0x00000208       0x28 ./Project_Settings/Startup_Code/system_MKL25Z4.o

.debug_ranges   0x00000000      0x1a0
 .debug_ranges  0x00000000       0x50 ./Sources/dsf_SerialDisplays.o
 .debug_ranges  0x00000050       0x30 ./Sources/main.o
 .debug_ranges  0x00000080       0x50 ./Sources/mkl_GPIO.o
 .debug_ranges  0x000000d0       0x18 ./Sources/mkl_GPIOPort.o
 .debug_ranges  0x000000e8       0x68 ./Sources/mkl_PIT.o
 .debug_ranges  0x00000150       0x38 ./Sources/mkl_PITPeriodicInterrupt.o
 .debug_ranges  0x00000188       0x18 ./Project_Settings/Startup_Code/system_MKL25Z4.o

.debug_macro    0x00000000     0xa1a5
 .debug_macro   0x00000000       0xa5 ./Sources/dsf_SerialDisplays.o
 .debug_macro   0x000000a5      0x826 ./Sources/dsf_SerialDisplays.o
 .debug_macro   0x000008cb       0x1c ./Sources/dsf_SerialDisplays.o
 .debug_macro   0x000008e7       0x16 ./Sources/dsf_SerialDisplays.o
 .debug_macro   0x000008fd       0x44 ./Sources/dsf_SerialDisplays.o
 .debug_macro   0x00000941      0x209 ./Sources/dsf_SerialDisplays.o
 .debug_macro   0x00000b4a       0x4c ./Sources/dsf_SerialDisplays.o
 .debug_macro   0x00000b96       0x3a ./Sources/dsf_SerialDisplays.o
 .debug_macro   0x00000bd0       0x26 ./Sources/dsf_SerialDisplays.o
 .debug_macro   0x00000bf6      0x306 ./Sources/dsf_SerialDisplays.o
 .debug_macro   0x00000efc       0x63 ./Sources/dsf_SerialDisplays.o
 .debug_macro   0x00000f5f     0x839f ./Sources/dsf_SerialDisplays.o
 .debug_macro   0x000092fe       0xc0 ./Sources/main.o
 .debug_macro   0x000093be       0x10 ./Sources/main.o
 .debug_macro   0x000093ce       0x8d ./Sources/mkl_GPIO.o
 .debug_macro   0x0000945b       0x97 ./Sources/mkl_GPIOPort.o
 .debug_macro   0x000094f2       0x93 ./Sources/mkl_PIT.o
 .debug_macro   0x00009585       0x9a ./Sources/mkl_PITPeriodicInterrupt.o
 .debug_macro   0x0000961f       0x7e ./Project_Settings/Startup_Code/system_MKL25Z4.o
 .debug_macro   0x0000969d      0x802 ./Project_Settings/Startup_Code/system_MKL25Z4.o
 .debug_macro   0x00009e9f      0x306 ./Project_Settings/Startup_Code/system_MKL25Z4.o

.debug_line     0x00000000     0x11fd
 .debug_line    0x00000000      0x2fc ./Sources/dsf_SerialDisplays.o
 .debug_line    0x000002fc      0x28f ./Sources/main.o
 .debug_line    0x0000058b      0x27f ./Sources/mkl_GPIO.o
 .debug_line    0x0000080a      0x20a ./Sources/mkl_GPIOPort.o
 .debug_line    0x00000a14      0x2bf ./Sources/mkl_PIT.o
 .debug_line    0x00000cd3      0x26f ./Sources/mkl_PITPeriodicInterrupt.o
 .debug_line    0x00000f42       0x7b ./Project_Settings/Startup_Code/startup_MKL25Z4.o
 .debug_line    0x00000fbd      0x240 ./Project_Settings/Startup_Code/system_MKL25Z4.o

.debug_str      0x00000000    0x32cb8
 .debug_str     0x00000000    0x3218f ./Sources/dsf_SerialDisplays.o
                              0x32603 (size before relaxing)
 .debug_str     0x0003218f      0x488 ./Sources/main.o
                              0x32a32 (size before relaxing)
 .debug_str     0x00032617      0x11f ./Sources/mkl_GPIO.o
                              0x32463 (size before relaxing)
 .debug_str     0x00032736       0x4b ./Sources/mkl_GPIOPort.o
                              0x323b3 (size before relaxing)
 .debug_str     0x00032781       0x5c ./Sources/mkl_PIT.o
                              0x32274 (size before relaxing)
 .debug_str     0x000327dd      0x279 ./Sources/mkl_PITPeriodicInterrupt.o
                              0x324c2 (size before relaxing)
 .debug_str     0x00032a56      0x262 ./Project_Settings/Startup_Code/system_MKL25Z4.o
                              0x31f14 (size before relaxing)

.comment        0x00000000       0x70
 .comment       0x00000000       0x70 ./Sources/dsf_SerialDisplays.o
                                 0x71 (size before relaxing)
 .comment       0x00000000       0x71 ./Sources/main.o
 .comment       0x00000000       0x71 ./Sources/mkl_GPIO.o
 .comment       0x00000000       0x71 ./Sources/mkl_GPIOPort.o
 .comment       0x00000000       0x71 ./Sources/mkl_PIT.o
 .comment       0x00000000       0x71 ./Sources/mkl_PITPeriodicInterrupt.o
 .comment       0x00000000       0x71 ./Project_Settings/Startup_Code/system_MKL25Z4.o

.debug_frame    0x00000000      0x6d0
 .debug_frame   0x00000000      0x130 ./Sources/dsf_SerialDisplays.o
 .debug_frame   0x00000130       0xa0 ./Sources/main.o
 .debug_frame   0x000001d0      0x130 ./Sources/mkl_GPIO.o
 .debug_frame   0x00000300       0x50 ./Sources/mkl_GPIOPort.o
 .debug_frame   0x00000350      0x190 ./Sources/mkl_PIT.o
 .debug_frame   0x000004e0       0xd0 ./Sources/mkl_PITPeriodicInterrupt.o
 .debug_frame   0x000005b0       0x4c ./Project_Settings/Startup_Code/system_MKL25Z4.o
 .debug_frame   0x000005fc       0x20 c:/freescale/kds_v3/toolchain/bin/../lib/gcc/arm-none-eabi/4.8.4/armv6-m\libgcc.a(_udivsi3.o)
 .debug_frame   0x0000061c       0x20 c:/freescale/kds_v3/toolchain/bin/../lib/gcc/arm-none-eabi/4.8.4/armv6-m\libgcc.a(_divsi3.o)
 .debug_frame   0x0000063c       0x28 c:/freescale/kds_v3/toolchain/bin/../lib/gcc/arm-none-eabi/4.8.4/../../../../arm-none-eabi/lib/armv6-m\libg_s.a(lib_a-exit.o)
 .debug_frame   0x00000664       0x2c c:/freescale/kds_v3/toolchain/bin/../lib/gcc/arm-none-eabi/4.8.4/../../../../arm-none-eabi/lib/armv6-m\libg_s.a(lib_a-init.o)
 .debug_frame   0x00000690       0x20 c:/freescale/kds_v3/toolchain/bin/../lib/gcc/arm-none-eabi/4.8.4/../../../../arm-none-eabi/lib/armv6-m\libg_s.a(lib_a-memset.o)
 .debug_frame   0x000006b0       0x20 c:/freescale/kds_v3/toolchain/bin/../lib/gcc/arm-none-eabi/4.8.4/../../../../arm-none-eabi/lib/armv6-m\libnosys.a(_exit.o)

.stabstr        0x00000000       0x76
 .stabstr       0x00000000       0x76 c:/freescale/kds_v3/toolchain/bin/../lib/gcc/arm-none-eabi/4.8.4/../../../../arm-none-eabi/lib/armv6-m\libnosys.a(getpid.o)
